border_size=1
usage=map

Hh^Fds      , Hh^Fds      , Hh^Fds      , Hh^Fds      , Mm          , Hh^Fms      , Hh^Fms      , Hh^Fms      , Gs^Fds      , Gg          , Gg          , Gg          , Gg          , Gg          , Gg          , Gg          , Gg          , Gg          , Gg          , Gg          , Gg          , Re          , Gs^Fds      , Gs^Fds      , Gs^Fds      , Gg          , Gg          , Gg          , Gg          , Gg          , Gg          , Hh          , Mm          , Mm          , Mm          , Hh^Fms      , Hh^Fms      , Hh^Fms      , Hh          , Hh          , Hh          , Hh^Fms      , Hh^Fms      , Hh^Fms      , Gg          , Gg          , Gg          , Gg          , Gg          , Gg          , Hh^Fms      , Hh^Fms      , Hh^Fds      , Gg          , Hh^Fds      , Gg          , Hh^Fds      
Hh^Fds      , Hh^Fds      , Hh^Fds      , Hh^Fds      , Mm          , Mm          , Hh^Fms      , Hh^Fms      , Gs^Fds      , Gs^Fms      , Gg          , Gg          , Gg          , Gg          , Gg          , Gg          , Gg          , Gg          , Gg          , Gg          , Gg          , Re          , Gg          , Gs^Fds      , Gs^Fms      , Gg          , Gg          , Gg          , Gg          , Gg          , Gg          , Hh          , Mm          , Mm          , Hh^Fmw      , Hh^Fmw      , Hh          , Hh          , Hh          , Hh^Fms      , Hh          , Hh          , Hh          , Hh^Fms      , Gg          , Gg          , Gg          , Gg          , Gg          , Hh^Fms      , Hh^Fms      , Hh^Fms      , Hh^Fms      , Hh^Fms      , Hh^Fms      , Hh^Fds      , Gg          
Hh^Fds      , Hh^Fds      , Hh^Fds      , Hh^Fds      , Hh          , Mm          , Mm          , Hh^Fms      , Gs^Fms      , Gs^Fds      , Gg          , Gg          , Gg          , Gg          , Gs^Fms      , Gg          , Gg          , Gg          , Gg          , Gg          , Gg          , Re          , Gg          , Gs^Fds      , Gg          , Gs^Fms      , Gg          , Gg          , Gg          , Gg          , Gg          , Hh          , Mm          , Mm          , Hh^Fds      , Hh^Fms      , Hh^Fms      , Hh^Fms      , Mm          , Mm          , Mm          , Mm          , Hh          , Hh^Fms      , Gg          , Hh^Fms      , Hh^Fms      , Gs^Fds      , Re          , Gg          , Hh^Fms      , Hh^Fms      , Hh^Fds      , Hh^Fds      , Hh^Fds      , Hh^Fds      , Gg          
Hh^Fds      , Hh^Fds      , Hh          , Hh          , Mm          , Mm          , Mm          , Hh^Fms      , Hh^Fms      , Gs^Fds      , Gs^Fms      , Gg          , Gg          , Gg          , Gs^Fms      , Gs^Fds      , Gg          , Gg          , Gg          , Gg          , Gs^Fms      , Re          , Gg          , Re          , Re          , Gg          , Gg          , Gg          , Gs^Fds      , Gg          , Gg          , Hh          , Hh          , Hh^Fms      , Hh^Fmw      , Hh^Fmw      , Hh^Fms      , Hh^Fms      , Hh^Fms      , Hh^Fms      , Mm          , Mm          , Hh          , Hh^Fms      , Gg          , Hh^Fms      , Hh^Fms      , Gg          , Re          , Gs^Fds      , Hh^Fms      , Hh^Fms      , Ww^Es       , Ww^Es       , Hh^Fds      , Hh^Fds      , Hh^Fds      
Hh          , Hh          , Hh          , Hh          , Mm          , Ms          , Mm          , Mm          , Gs^Fms      , Gs^Fms      , Gs^Fmw      , Gs^Fms      , Gg          , Gs^Fms      , Gg          , Gs^Fms      , Gg          , Gg          , Gg          , Gg          , Re          , Re          , Gg          , Gg          , Gg          , Gs^Fds      , Gs^Fms      , Gs^Fms      , Gg          , Gs^Fds      , Gg          , Mm          , Mm          , Mm          , Mm          , Hh          , Hh          , Hh^Fmw      , Hh^Fms      , Hh^Fms      , Hh          , Mm          , Hh          , Hh^Fms      , Hh^Fms      , Hh^Fms      , Gg          , Gs^Fds      , Gg          , Gg          , Gg          , Ww^Es       , Ww          , Ww^Es       , Ww^Es       , Hh^Fds      , Hh^Fds      
Mm          , Hh          , Mm          , Mm          , Hh^Fdw      , Ms          , Hh^Fmw      , Hh          , Hh^Fms      , Gs^Fms      , Gs^Fms      , Hh^Fms      , Gs^Fms      , Hh^Fms      , Hh^Fms      , Gs^Fms      , Gs^Fms      , Gg          , Re          , Re          , Gs^Fms      , Gg          , Gg          , Gg          , Gs^Fms      , Gg          , Re          , Gs^Fms      , Re          , Gs^Fms      , Gs^Fds      , Mm          , Mm          , Mm          , Mm          , Hh          , Mm          , Mm          , Hh          , Hh^Fmw      , Hh          , Hh          , Hh          , Hh^Fms      , Gg          , Gg          , Gs^Fds      , Gg          , Gg          , Gg          , Gs^Fds      , Ww          , Gg          , Ww          , Ww          , Hh^Fds      , Hh^Fds      
Ms          , Mm          , Mm          , Hh^Fdw      , Mm          , Hh^Fdw      , Hh^Fmw      , Gs^Fmw      , Gs^Fmw      , Hh^Fmw      , Hh^Fmw      , Hh^Fms      , Hh^Fds      , Mm          , Mm          , Hh^Fms      , Re          , Re          , Hh^Fmw      , Gg          , Gg          , Gs^Fds      , Gs^Fds      , Gg          , Gg          , Gs^Fms      , Gs^Fms      , Re          , Gs^Fms      , Gg          , Re          , Gg          , Hh^Fdw      , Mm          , Ce          , Mm          , Mm          , Mm          , Mm          , Hh^Fms      , Hh^Fms      , Hh^Fms      , Hh^Fms      , Hh          , Gg          , Gg          , Gs^Fds      , Gs^Fds      , Gg          , Gg          , Gg          , Gg          , Gs^Fds      , Ww^Es       , Hh^Fds      , Ww^Es       , Hh^Fds      
Ms          , Ms          , Mm          , Mm          , Hh^Fdw      , Hh^Fdw      , Gs^Fmw      , Gs^Fms      , Mm          , Mm          , Hh^Fds      , Hh^Fms      , Hh^Fds      , Hh          , Mm          , Mm          , Re          , Gs^Fms      , Hh^Fmw      , Gs^Fms      , Hh^Fmw      , Hh^Fmw      , Hh^Fms      , Hh^Fmw      , Hh^Fmw      , Gg          , Gs^Fds      , Gs^Fds      , Gs^Fds      , Gs^Fds      , Gs^Fds      , Gg          , Gg          , Hh^Fdw      , Hh          , Ce          , Ce          , Hh          , Hh          , Hh^Fmw      , Hh^Fmw      , Hh          , Hh          , Hh^Fms      , Gg          , Gg          , Gs^Fds      , Gg          , Gg          , Gs^Fds      , Gs^Fds      , Re          , Gs^Fds      , Gs^Fds      , Gs^Fds      , Hh^Fds      , Hh^Fds      
Mm          , Mm          , Hh^Fdw      , Hh^Fdw      , Hh^Fdw      , Hh^Fdw      , Gs^Fms      , Gs^Fmw      , Ww          , Mm          , Hh^Fmw      , Hh^Fms      , Hh^Fds      , Hh          , Ww          , Hh          , Re          , Hh^Fmw      , Hh^Fmw      , Hh^Fmw      , Hh^Fmw      , Hh^Fmw      , Hh^Fmw      , Mm          , Mm          , Mm          , Gs^Fds      , Gs^Fds      , Gs^Fds      , Gg          , Gs^Fds      , Hh^Fdw      , Hh^Fdw      , Hh^Fdw      , Mm          , 2 Ke^Kov    , Hh          , Mm          , Mm          , Hh          , Hh^Fmw      , Hh^Fms      , Hh          , Hh^Fms      , Gg          , Gs^Fds      , Gs^Fds      , Gs^Fds      , Gg          , Gs^Fds      , Gs^Fds      , Gg          , Gg          , Gs^Fds      , Gs^Fds      , Gs^Fds      , Hh^Fds      
Mm          , Mm          , Ww          , Ww          , Ww          , Gs^Fmw      , Ww          , Ww          , Gg          , Ww          , Ww          , Ww          , Ww          , Ww          , Ww          , Hh          , Re          , Gg          , Wwf         , Gg          , Hh^Fmw      , Hh^Fmw      , Hh^Fmw      , Mm          , Hh^Fmw      , Hh^Fmw      , Gs^Fds      , Gg          , Gs^Fds      , Gs^Fds      , Gs^Fms      , Gs^Fds      , Hh^Fdw      , Mm          , Mm          , Hh          , Mm          , Mm          , Mm          , Hh^Fmw      , Hh^Fms      , Hh^Fms      , Hh^Fms      , Hh^Fms      , Gg          , Gg          , Gg          , Gg          , Gg          , Gs^Fds      , Gs^Fds      , Gs^Fds      , Re          , Gs^Fds      , Gs^Fds      , Gs^Fds      , Hh^Fmw      
Hh^Fdw      , Hh^Fdw      , Ww          , Hh          , Hh          , Ww          , Ww          , Gg          , Gs^Fds      , Gg          , Gg          , Ww          , Hh^Fds      , Hh^Fds      , Ww          , Ww          , Wwf         , Ww^Bw\      , Hh^Fds      , Ww          , Ww          , Hh^Fmw      , Gg          , Hh^Fmw      , Gg          , Gg          , Gg          , Gg          , Gs^Fds      , Gs^Fds      , Gs^Fds      , Gs^Fds      , Gs^Fds      , Hh^Fdw      , Hh^Fdw      , Hh^Fmw      , Hh^Fp       , Hh          , Mm          , Hh          , Hh^Fms      , Hh^Fmw      , Hh^Fms      , Hh^Fmw      , Gg          , Gg          , Gs^Fds      , Gg          , Gs^Fms      , Gg          , Hh^Fmw      , Gs^Fds      , Gg          , Hh^Fmw      , Hh^Fmw      , Hh^Fmw      , Hh^Fmw      
Hh^Fdw      , Hh^Fdw      , Ww          , Hh          , Hh^Fds      , Hh          , Gg          , Gg          , Gs^Vh       , Gs^Fds      , Gg          , Gg          , Gg          , Gg          , Gs^Fms      , Ww          , Gg          , Gg          , Hh^Fds      , Hh^Fms      , Hh^Fmw      , Ww          , Ww          , Gg          , Ww          , Ww          , Ww          , Gs^Fms      , Gs^Fds      , Gs^Fds      , Gs^Fms      , Gs^Fds      , Gg          , Gg          , Gs^Fds      , Gs^Fds      , Gs^Fms      , Hh^Fp       , Hh^Fp       , Mm          , Hh^Fms      , Hh^Fms      , Mm          , Hh          , Gg          , Gg          , Hh^Fds      , Gs^Fds      , Hh^Fms      , Hh^Fms      , Hh^Fmw      , Hh^Fmw      , Re          , Hh^Fmw      , Hh^Fmw      , Hh^Fmw      , Ww          
Mm          , Mm          , Hh^Fds      , Ww          , Gg          , Hh^Fds      , Gg          , Gg          , Gg          , Gg          , Gs^Fms      , Gg          , Gg          , Gg          , Gs^Fms      , Gg          , Gs^Vh       , Gg          , Re          , Gg          , Gg          , Gg          , Gg          , Ww          , Gg          , Hh^Fmw      , Hh^Fmw      , Ww          , Ww          , Hh^Fms      , Gs^Fms      , Gs^Fds      , Gs^Fds      , Gs^Fds      , Gs^Fds      , Gg          , Gg          , Gs^Fds      , Hh^Fms      , Hh^Fms      , Gg          , Hh^Fms      , Hh          , Mm          , Gg          , Gg          , Hh^Fms      , Hh^Fms      , Gg          , Hh^Fms      , Gs^Fms      , Hh^Fmw      , Re          , Gg          , Ww          , Ww          , Gg          
Mm          , Mm          , Hh^Fds      , Ww          , Gg          , Gs^Fds      , Gg          , Gg          , Gg          , Gs^Fms      , Gs^Fms      , Gs^Fds      , Gs^Fms      , Gg          , Gs^Fms      , Gs^Fms      , Re          , Re          , Gg          , Re          , Re          , Gg          , Gg          , Gg          , Gs^Vh       , Gg          , Hh^Fms      , Hh^Fmw      , Gg          , Ww          , Ww          , Gs^Fds      , Gs^Fds      , Gs^Fms      , Gs^Fds      , Gg          , Hh^Fms      , Hh^Fms      , Hh^Fms      , Gg          , Gg          , Gg          , Gg          , Mm          , Ww          , Ww          , Ww          , Gg          , Ww          , Gg          , Gg          , Gg          , Ww          , Ww^Bw\      , Re          , Gg          , Gg          
Hh^Fdw      , Hh^Fdw      , Ww          , Ww          , Gg          , Gs^Fds      , Gs^Fds      , Gg          , Gg          , Gs^Fds      , Gg          , Gs^Fms      , Gg          , Gg          , Re          , Re          , Gg          , Gg          , Yss         , Gg          , Gg          , Re          , Re          , Gg          , Gg          , Gg          , Gs^Fds      , Hh^Fmw      , Hh^Fms      , Ww          , Ww^Es       , Ww          , Ww          , Hh^Fms      , Hh^Fmw      , Hh^Fms      , Hh^Fms      , Hh^Fms      , Gs^Fds      , Gg          , Ww          , Ww          , Ww          , Ww          , Hh^Fp       , Gs^Fms      , Ww          , Ww          , Ce          , Ww          , Ww          , Ww          , Gs^Fms      , Gg          , Re          , Gg          , Re          
Gs^Fmw      , Ww          , Gg          , Gg          , Gg          , Gg          , Gs^Fds      , Gs^Fds      , Gg          , Gg          , Gg          , Gg          , Re          , Re          , Gg          , Gg          , Yss         , Yss         , Re^Gvs      , Yss         , Gg          , Gg          , Gg          , Re          , Re          , Gg          , Gg          , Hh^Fms      , Hh^Fp       , Gs^Fds      , Hh^Fp       , Hh^Fms      , Hh^Fmw      , Ww          , Ww          , Gg          , Gg          , Gs^Fds      , Hh^Fds      , Gg          , Ww          , Ww          , Ww          , Gs^Fms      , Gs^Fms      , Hh^Fds      , Ww          , Ce          , Ce^Kov      , Gg          , Gg          , Gs^Fms      , Gs^Fds      , Gs^Fds      , Re          , Re          , Gg          
Gs^Fmw      , Ww          , Ww          , Gs^Fds      , Gg          , Gg          , Gg          , Gg          , Gg          , Gs^Fms      , Re          , Re          , Gg          , Gg          , Yss         , Yss         , Re^Gvs      , Re^Gvs      , Re^Gvs      , Re^Gvs      , Re^Gvs      , Yss         , Yss         , Gg          , Gg          , Re          , Re          , Hh^Fmw      , Gs^Fds      , Hh^Fp       , Hh^Fds      , Gs^Fms      , Gs^Fms      , Hh^Fmw      , Hh^Fms      , Wwf         , Wwf         , Gs^Fds      , Ww          , Ww          , Hh^Fms      , Ww          , Gg^Fet      , Ww          , Ww          , Ww          , Gg          , Gg          , Re          , Gg          , Gg^Fet      , Gs^Fds      , Re          , Re          , Gg          , Gg          , Gg          
Gs^Fmw      , Ww          , Hh^Fds      , Hh^Fds      , Hh          , Gg          , Gs^Fds      , Gg          , Re          , Re          , Gg          , Gg          , Yss         , Yss         , Re^Gvs      , Re^Gvs      , Re^Gvs      , Re^Gvs      , Re^Gvs      , Re^Gvs      , Re^Gvs      , Re^Gvs      , Re^Gvs      , Yss         , Yss         , Gg          , Gg          , Re          , Re          , Gs^Fds      , Gg          , Hh^Fds      , Gg          , Hh^Fds      , Hh^Fds      , Gg          , Gs^Fds      , Ww          , Hh^Fmw      , Hh^Fmw      , Hh^Fms      , Hh^Fms      , Gs^Fms      , Gg          , Gg          , Ggf         , Gg          , Gg          , Re          , Gg          , Re          , Re          , Gg          , Gg^Vh       , Gg          , Gg          , Gg          
Gs^Fp       , Ww          , Ww          , Hh          , Ww          , Gs^Fds      , Ww          , Re          , Gg          , Gg          , Yss         , Yss         , Re^Gvs      , Re^Gvs      , Re^Gvs      , Re^Gvs      , Re^Gvs      , Re^Gvs      , Re^Gvs      , Re^Gvs      , Re^Gvs      , Re^Gvs      , Re^Gvs      , Re^Gvs      , Re^Gvs      , Yss         , Yss         , Gg          , Gg          , Re          , Re          , Gg          , Gg          , Gg          , Gg          , Gg          , Hh^Fms      , Hh          , Gs^Fms      , Gs^Fms      , Hh^Fms      , Gs^Fms      , Gg          , Gg          , Gg          , Gg          , Re          , Re          , Re          , Re          , Gg^Fet      , Gg          , Gg          , Gg          , Gg          , Gg          , Gg          
Gs^Fmw      , Gs^Fmw      , Gs^Fds      , Ww          , Ww          , Ww          , Ss          , Ww^Bw|      , Ww          , Gg          , Gg          , Yss         , Gg          , Re^Gvs      , Re^Gvs      , Re^Gvs      , Re^Gvs      , Re^Gvs      , Re^Gvs      , Re^Gvs      , Re^Gvs      , Re^Gvs      , Re^Gvs      , Re^Gvs      , Re^Gvs      , Re^Gvs      , Re^Gvs      , Yss         , Yss         , Gg          , Gg          , Re          , Re          , Gg          , Gg          , Gg          , Hh^Fms      , Gs^Fms      , Hh          , Gs^Fms      , Gs^Fms      , Gg          , Gg^Vh       , Gg          , Re          , Re          , Gg          , Gg^Fet      , Re          , Gg          , Gg          , Gg          , Gg          , Gg          , Gg          , Gg          , Gs^Fms      
Gs^Fmw      , Gs^Fmw      , Gs^Fmw      , Ww          , Ss          , Ss          , Gg^Vh       , Rd          , Ss          , Ww          , Gg          , Gg          , Gg          , Yss         , Yss         , Re^Gvs      , Re^Gvs      , Re^Gvs      , Re^Gvs      , Re^Gvs      , Re^Gvs      , Re^Gvs      , Re^Gvs      , Re^Gvs      , Re^Gvs      , Re^Gvs      , Yss         , Yss         , Yss         , Gg          , Gg          , Gg          , Gg          , Re          , Re          , Gg          , Gg          , Hh          , Gg          , Gs^Fms      , Gg          , Gg          , Re          , Re          , Gg          , Re          , Re          , Gg          , Re          , Gg          , Gg          , Gg          , Gg          , Gs^Fds      , Gs^Fms      , Gg          , Gs^Fms      
Gs^Fmw      , Gs^Fds      , Gs^Fmw      , Ww          , Ww          , Ss          , Ggf         , Ggf         , Ss          , Ww          , Gg^Fet      , Gg          , Gg          , Gg          , Yss         , Yss         , Yss         , Re^Gvs      , Re^Gvs      , Re^Gvs      , Re^Gvs      , Re^Gvs      , Re^Gvs      , Re^Gvs      , Yss         , Yss         , Re^Gvs      , Re^Gvs      , Re^Gvs      , Yss         , Yss         , Gg          , Gg          , Gg          , Gg          , Re          , Re          , Gg          , Gg          , Gg          , Re          , Re          , Gg          , Gg          , Gg          , Gg          , Gg          , Re          , Gg^Vh       , Gg          , Gg          , Gg^Vh       , Gg          , Gs^Fds      , Gg          , Gs^Fms      , Gs^Fms      
Gs^Fmw      , Gs^Fmw      , Gs^Fp       , Ww          , Ss          , Ss          , Ggf         , Ggf         , Ww^Bw\      , Ww          , Gg          , Gg          , Yss         , Yss         , Re^Gvs      , Re^Gvs      , Re^Gvs      , Yss         , Yss         , Re^Gvs      , Re^Gvs      , Re^Gvs      , Yss         , Gg          , Re^Gvs      , Re^Gvs      , Re^Gvs      , Re^Gvs      , Re^Gvs      , Re^Gvs      , Re^Gvs      , Yss         , Yss         , Gg          , Gg          , Gg          , Gg          , Re          , Re          , Re          , Gg          , Gg          , Gs^Fds      , Gg          , Gg          , Gg          , Gg          , Re          , Gg          , Gg          , Gg          , Gg          , Gg          , Gg          , Gg          , Gs^Fms      , Gg          
Gs^Fmw      , Gs^Fmw      , Gs^Fmw      , Ww          , Ww          , Ss          , Ss          , Ss          , Ww          , Gg          , Yss         , Gg          , Re^Gvs      , Re^Gvs      , Re^Gvs      , Re^Gvs      , Re^Gvs      , Re^Gvs      , Re^Gvs      , Yss         , Yss         , Yss         , Re^Gvs      , Re^Gvs      , Re^Gvs      , Re^Gvs      , Re^Gvs      , Re^Gvs      , Re^Gvs      , Re^Gvs      , Re^Gvs      , Re^Gvs      , Re^Gvs      , Yss         , Yss         , Gg          , Gg          , Re          , Gg          , Gg          , Gg          , Gs^Fms      , Gs^Fds      , Gs^Fds      , Gg          , Gg^Vh       , Gg          , Re          , Gg          , Gg          , Gg          , Gg          , Gs^Fms      , Gg          , Gs^Fms      , Gs^Fms      , Gg          
Gs^Fmw      , Gs^Fds      , Ww          , Ww          , Ss          , Ww          , Ww          , Ww          , Gg          , Gg          , Yss         , Re^Gvs      , Re^Gvs      , Re^Gvs      , Re^Gvs      , Re^Gvs      , Re^Gvs      , Re^Gvs      , Re^Gvs      , Re^Gvs      , Re^Gvs      , Yss         , Yss         , Re^Gvs      , Re^Gvs      , Re^Gvs      , Re^Gvs      , Re^Gvs      , Re^Gvs      , Re^Gvs      , Re^Gvs      , Re^Gvs      , Re^Gvs      , Re^Gvs      , Yss         , Yss         , Gg          , Re          , Gg          , Gg          , Gs^Fds      , Gs^Fms      , Gs^Fms      , Gs^Fds      , Gs^Fms      , Gg          , Gg          , Re          , Gg          , Gg          , Gg          , Gs^Fms      , Gs^Fds      , Gg          , Gg          , Gg          , Gg          
Gs^Fmw      , Ww          , Ww          , Ss          , Ww          , Ww          , Ss          , Ww          , Gg          , Gg          , Gg          , Yss         , Yss         , Re^Gvs      , Re^Gvs      , Re^Gvs      , Re^Gvs      , Re^Gvs      , Re^Gvs      , Re^Gvs      , Re^Gvs      , Re^Gvs      , Yss         , Yss         , Yss         , Re^Gvs      , Re^Gvs      , Re^Gvs      , Re^Gvs      , Re^Gvs      , Re^Gvs      , Re^Gvs      , Yss         , Yss         , Gg          , Gg          , Gg          , Re          , Gg          , Gs^Fds      , Gs^Fms      , Ww          , Ww          , Gs^Fds      , Gs^Fds      , Gg          , Gg          , Re          , Gg          , Gg          , Gg          , Gs^Fds      , Gg          , Gg          , Gg          , Gg          , Gs^Fms      
Gs^Fmw      , Ww          , Ww          , Ww          , Hh^Fmw      , Ww          , Ww          , Ww          , Gg          , Gg          , Gg          , Gg          , Yss         , Yss         , Yss         , Re^Gvs      , Re^Gvs      , Re^Gvs      , Re^Gvs      , Re^Gvs      , Yss         , Yss         , Re^Gvs      , Re^Gvs      , Re^Gvs      , Yss         , Gg          , Re^Gvs      , Re^Gvs      , Re^Gvs      , Gg          , Yss         , Gg          , Gg          , Gg          , Gg          , Re          , Re          , Gg          , Gg          , Gg^Fet      , Ww          , Ww          , Ww          , Gg^Fet      , Gs^Fds      , Gg          , Re          , Gg          , Gg          , Gg          , Gg          , Gg          , Gg          , Gg          , Gg          , Gs^Fms      
Gs^Fmw      , Gs^Fmw      , Ww          , Hh^Fmw      , Hh^Fmw      , Hh^Fmw      , Hh^Fds      , Gg          , Gg          , Gg          , Yss         , Yss         , Re^Gvs      , Re^Gvs      , Re^Gvs      , Yss         , Gg          , Re^Gvs      , Yss         , Yss         , Re^Gvs      , Re^Gvs      , Re^Gvs      , Re^Gvs      , Re^Gvs      , Re^Gvs      , Re^Gvs      , Yss         , Yss         , Yss         , Gg          , Gg          , Gg          , Gg          , Re          , Re          , Re          , Gg          , Gg          , Gg          , Gg          , Ww          , Gs^Fds      , Gs^Fms      , Gg          , Gg          , Gg          , Re          , Gg          , Gs^Fms      , Gs^Fms      , Gs^Fms      , Gg          , Gg          , Gg          , Gs^Fms      , Gs^Fms      
Gs^Fmw      , Gs^Fds      , Ww          , Gs^Fms      , Gs^Fms      , Gs^Fms      , Gg          , Gg          , Yss         , Yss         , Re^Gvs      , Re^Gvs      , Re^Gvs      , Re^Gvs      , Re^Gvs      , Re^Gvs      , Re^Gvs      , Yss         , Yss         , Re^Gvs      , Re^Gvs      , Re^Gvs      , Re^Gvs      , Re^Gvs      , Re^Gvs      , Re^Gvs      , Re^Gvs      , Re^Gvs      , Yss         , Yss         , Gg          , Gg          , Re          , Re          , Gg          , Gg          , Gg          , Re          , Re          , Gg          , Gg          , Gs^Fds      , Gg          , Gs^Fds      , Gg          , Gg          , Re          , Re          , Gg          , Gs^Fms      , Gs^Fms      , Gg          , Gs^Fms      , Gg          , Gs^Fms      , Gg          , Gg          
Gs^Fmw      , Ww          , Gs^Fms      , Gs^Fms      , Gs^Fds      , Gg          , Yss         , Yss         , Re^Gvs      , Re^Gvs      , Re^Gvs      , Re^Gvs      , Re^Gvs      , Re^Gvs      , Re^Gvs      , Re^Gvs      , Yss         , Yss         , Re^Gvs      , Yss         , Yss         , Re^Gvs      , Re^Gvs      , Re^Gvs      , Re^Gvs      , Re^Gvs      , Yss         , Gg          , Gg          , Gg          , Re          , Re          , Gg          , Gg          , Yss         , Yss         , Yss         , Gg          , Gg          , Re          , Re          , Gg          , Gg          , Gg          , Re          , Re          , Gg          , Re          , Gg          , Gg          , Gg          , Gg          , Gg          , Gg          , Gs^Fms      , Gg          , Gs^Fms      
Gs^Fmw      , Ww          , Ww          , Gs^Fds      , Gg          , Yss         , Yss         , Re^Gvs      , Re^Gvs      , Re^Gvs      , Re^Gvs      , Re^Gvs      , Re^Gvs      , Re^Gvs      , Yss         , Yss         , Re^Gvs      , Re^Gvs      , Re^Gvs      , Re^Gvs      , Re^Gvs      , Yss         , Yss         , Re^Gvs      , Yss         , Yss         , Gg          , Gg          , Re          , Re          , Gg          , Gg          , Yss         , Yss         , Re^Gvs      , Re^Gvs      , Re^Gvs      , Gg          , Yss         , Gg^Vh       , Gg          , Re          , Re          , Re          , Gg          , Gg          , Gg          , Re          , Gg          , Gg          , Gg          , Gg          , Gg          , Gs^Fms      , Gs^Fms      , Gs^Fms      , Gs^Fms      
Gs^Fmw      , Gs^Fmw      , Ww          , Gg          , Gg          , Gg          , Gg          , Yss         , Yss         , Re^Gvs      , Re^Gvs      , Re^Gvs      , Gg          , Yss         , Re^Gvs      , Re^Gvs      , Re^Gvs      , Re^Gvs      , Re^Gvs      , Re^Gvs      , Re^Gvs      , Re^Gvs      , Re^Gvs      , Yss         , Yss         , Gg          , Gg          , Gg          , Re          , Gg          , Gg          , Yss         , Yss         , Re^Gvs      , Re^Gvs      , Re^Gvs      , Re^Gvs      , Re^Gvs      , Re^Gvs      , Yss         , Yss         , Gg          , Gg          , Gg          , Gs^Fds      , Gs^Fds      , Gs^Fms      , Re          , Gg          , Gs^Fms      , Gs^Fms      , Gg          , Gg          , Gs^Fms      , Gs^Fms      , Gs^Fms      , Gs^Fms      
Gs^Fds      , Gs^Fmw      , Ww          , Ww          , Ww          , Gg          , Gg          , Gg          , Gg          , Yss         , Yss         , Yss         , Re^Gvs      , Re^Gvs      , Re^Gvs      , Re^Gvs      , Yss         , Yss         , Yss         , Re^Gvs      , Re^Gvs      , Re^Gvs      , Re^Gvs      , Re^Gvs      , Re^Gvs      , Yss         , Yss         , Gg          , Re          , Gs^Fds      , Gg          , Gg          , Gg          , Yss         , Re^Gvs      , Re^Gvs      , Re^Gvs      , Re^Gvs      , Re^Gvs      , Re^Gvs      , Re^Gvs      , Yss         , Yss         , Gg          , Gg          , Gs^Fds      , Gg          , Re          , Re          , Gs^Fds      , Gg          , Gs^Fms      , Gg          , Gs^Fms      , Gg          , Gg          , Gs^Fms      
Gs^Fds      , Gs^Fmw      , Gs^Fms      , Gg          , Gs^Fds      , Ww          , Ww          , Gg          , Gg          , Gg          , Gg          , Yss         , Yss         , Re^Gvs      , Yss         , Yss         , Gg          , Gg          , Gg          , Yss         , Gg          , Re^Gvs      , Re^Gvs      , Re^Gvs      , Yss         , Yss         , Gg          , Gg          , Re          , Gs^Fds      , Yss         , Yss         , Re^Gvs      , Re^Gvs      , Re^Gvs      , Re^Gvs      , Re^Gvs      , Re^Gvs      , Re^Gvs      , Re^Gvs      , Yss         , Yss         , Re^Gvs      , Yss         , Yss         , Gg          , Gg          , Re          , Gg          , Re          , Re          , Gg          , Gg          , Gg          , Gg          , Gs^Fms      , Gs^Fms      
Gs^Fmw      , Gs^Fds      , Gs^Fds      , Gg          , Gs^Fms      , Gg          , Ww          , Gg          , Gg          , Gg          , Gg          , Gg          , Gg          , Yss         , Gg          , Gg          , Ww          , Gg          , Gg          , Gg          , Gg          , Yss         , Yss         , Yss         , Gg          , Gg          , Gg          , Re          , Gg          , Gg^Vh       , Gg          , Yss         , Yss         , Re^Gvs      , Re^Gvs      , Re^Gvs      , Re^Gvs      , Re^Gvs      , Yss         , Yss         , Re^Gvs      , Re^Gvs      , Re^Gvs      , Re^Gvs      , Gg          , Yss         , Gg          , Re          , Gg          , Gs^Fms      , Gs^Fds      , Re          , Re          , Gs^Vh       , Gs^Fms      , Gs^Fms      , Gs^Fms      
Gs^Fmw      , Gs^Fds      , Gg          , Gg          , Gg          , Ww          , Gs^Fds      , Gg          , Gs^Fds      , Gg          , Gg          , Gg          , Gg^Fet      , Gg          , Gg          , Ww          , Gs^Fms      , Ggf         , Gs^Fds      , Gg          , Gg          , Gg          , Gg          , Gg          , Gs^Fds      , Gg          , Gg          , Re          , Gg          , Gg          , Gg          , Gg          , Yss         , Yss         , Gg          , Re^Gvs      , Yss         , Yss         , Re^Gvs      , Re^Gvs      , Re^Gvs      , Re^Gvs      , Yss         , Yss         , Gg          , Gg          , Gg          , Re          , Gg          , Gs^Fms      , Gs^Fms      , Gg          , Gg          , Gg          , Ww          , Gs^Fms      , Gs^Fms      
Gs^Fmw      , Gs^Fds      , Gg          , Gs^Fds      , Gs^Fds      , Ww          , Gs^Fds      , Gg          , Gg          , Gs^Fds      , Gs^Vh       , Gg          , Gs^Fds      , Ww          , Ww          , Ww          , Wo          , Ww          , Ww          , Ggf         , Ggf         , Gg^Vh       , Gg          , Gs^Fds      , Gs^Fds      , Gg          , Re          , Re          , Gg          , Gg          , Yss         , Yss         , Re^Gvs      , Re^Gvs      , Re^Gvs      , Yss         , Yss         , Re^Gvs      , Re^Gvs      , Re^Gvs      , Re^Gvs      , Re^Gvs      , Re^Gvs      , Yss         , Yss         , Gg          , Gg          , Re          , Gs^Fms      , Gg          , Gg          , Gg          , Ww          , Ww          , Ww          , Gs^Fms      , Gs^Fms      
Gs^Fmw      , Gs^Fmw      , Gs^Fds      , Gs^Fds      , Ww          , Ww          , Gg          , Gg          , Gg          , Gs^Fds      , Gs^Fms      , Gs^Fms      , Gg^Fet      , Ww          , Wo          , Wo          , Wo          , Hh^Fds      , Gs^Fds      , Ww          , Ww          , Gg          , Gg          , Gg          , Re          , Re          , Gg          , Gg          , Gg          , Yss         , Re^Gvs      , Re^Gvs      , Re^Gvs      , Re^Gvs      , Re^Gvs      , Re^Gvs      , Re^Gvs      , Yss         , Yss         , Re^Gvs      , Re^Gvs      , Re^Gvs      , Re^Gvs      , Re^Gvs      , Yss         , Yss         , Gg          , Re          , Gs^Fms      , Gg          , Gs^Fms      , Gg          , Gs^Fms      , Ww          , Ww          , Gs^Fms      , Gs^Fms      
Gs^Fds      , Gs^Fmw      , Ww          , Ww          , Gg          , Gg          , Gg          , Gs^Fms      , Gs^Fds      , Gs^Fds      , Gs^Fms      , Gs^Fds      , Gg          , Ww          , Ww          , Wo          , Ww^Es       , Hh^Fds      , Ww          , Ww          , Ww          , Gg          , Re          , Re          , Gg          , Gg          , Yss         , Yss         , Re^Gvs      , Re^Gvs      , Re^Gvs      , Re^Gvs      , Re^Gvs      , Re^Gvs      , Re^Gvs      , Re^Gvs      , Re^Gvs      , Re^Gvs      , Re^Gvs      , Gg          , Yss         , Re^Gvs      , Yss         , Yss         , Gg          , Gg          , Gs^Fms      , Re          , Gg          , Gg          , Gs^Fms      , Gs^Fms      , Gs^Fms      , Ww          , Gg          , Gs^Fms      , Gs^Fms      
Gs^Fmw      , Ww          , Ww          , Gg          , Gg          , Gg          , Gg          , Gs^Fds      , Gg          , Gs^Fds      , Gs^Fds      , Gg          , Gg          , Gs^Fds      , Gs^Fds      , Ww          , Ww          , Ww          , Ww          , Ww          , Gg          , Gg          , Gg          , Gg          , Gg          , Gg          , Yss         , Yss         , Yss         , Re^Gvs      , Re^Gvs      , Re^Gvs      , Re^Gvs      , Re^Gvs      , Re^Gvs      , Re^Gvs      , Re^Gvs      , Re^Gvs      , Re^Gvs      , Re^Gvs      , Yss         , Yss         , Gg          , Gg          , Gs^Vh       , Gg          , Gs^Fms      , Re          , Re          , Re          , Re          , Re          , Re          , Gg          , Re          , Gs^Vh       , Gg          
Gs^Fmw      , Ww          , Ww          , Ww          , Ww          , Gg          , Gs^Fds      , Gs^Fms      , Gg          , Gg          , Gs^Fms      , Gg          , Gg          , Gs^Fms      , Gg          , Ww          , Gg          , Gg^Fet      , Ww          , Ww          , Gg          , Gg          , Gg^Vh       , Gg          , Yss         , Yss         , Re^Gvs      , Re^Gvs      , Re^Gvs      , Yss         , Yss         , Re^Gvs      , Re^Gvs      , Re^Gvs      , Re^Gvs      , Re^Gvs      , Re^Gvs      , Re^Gvs      , Yss         , Yss         , Yss         , Gg          , Gg          , Gg          , Gg          , Gs^Fms      , Gs^Fms      , Re          , Gg          , Gs^Fms      , Gg          , Gs^Fms      , Gs^Fms      , Re          , Gs^Fms      , Gg          , Gg          
Gs^Fmw      , Gs^Fmw      , Ww          , Ww          , Hh          , Hh^Fmw      , Hh          , Gs^Fds      , Gs^Fms      , Gg          , Gg          , Gs^Fds      , Gs^Fds      , Gg          , Gg          , Gg          , Gg          , Ww          , Ww          , Ww          , Gg          , Gg          , Gg          , Yss         , Re^Gvs      , Re^Gvs      , Re^Gvs      , Re^Gvs      , Re^Gvs      , Re^Gvs      , Re^Gvs      , Yss         , Yss         , Re^Gvs      , Re^Gvs      , Re^Gvs      , Yss         , Gg          , Re^Gvs      , Re^Gvs      , Re^Gvs      , Yss         , Gg          , Gg          , Gg          , Gg          , Gs^Fms      , Re          , Gg          , Gg          , Gg          , Gg          , Gg          , Gs^Fms      , Gs^Fms      , Gs^Fms      , Gg          
Gs^Fmw      , Ww          , Gs^Fmw      , Gs^Fds      , Hh^Fmw      , Hh^Fmw      , Gs^Fds      , Gg          , Gg          , Gg          , Gs^Fms      , Gs^Fds      , Gg          , Gs^Fds      , Gg          , Gg          , Gg          , Gg          , Gg          , Gg          , Yss         , Yss         , Re^Gvs      , Re^Gvs      , Re^Gvs      , Re^Gvs      , Re^Gvs      , Re^Gvs      , Re^Gvs      , Re^Gvs      , Re^Gvs      , Re^Gvs      , Re^Gvs      , Yss         , Yss         , Yss         , Re^Gvs      , Re^Gvs      , Re^Gvs      , Re^Gvs      , Re^Gvs      , Re^Gvs      , Re^Gvs      , Yss         , Yss         , Gg          , Gg          , Re          , Gg          , Gs^Fds      , Gs^Fms      , Gg          , Gg          , Gs^Fms      , Gs^Fms      , Gs^Fms      , Gg          
Gs^Fmw      , Ww          , Gs^Fmw      , Gs^Fmw      , Gs^Fmw      , Hh^Fmw      , Gs^Fds      , Gs^Fds      , Gg          , Gg          , Gg          , Gg          , Gg          , Gg          , Yss         , Yss         , Gg          , Yss         , Yss         , Yss         , Re^Gvs      , Re^Gvs      , Re^Gvs      , Re^Gvs      , Re^Gvs      , Re^Gvs      , Re^Gvs      , Re^Gvs      , Re^Gvs      , Re^Gvs      , Re^Gvs      , Re^Gvs      , Yss         , Yss         , Re^Gvs      , Re^Gvs      , Re^Gvs      , Re^Gvs      , Re^Gvs      , Re^Gvs      , Re^Gvs      , Re^Gvs      , Re^Gvs      , Re^Gvs      , Yss         , Yss         , Gg          , Re          , Gg          , Gs^Fms      , Gg          , Gg          , Gg          , Gg          , Gs^Fms      , Gs^Fms      , Gg          
Gs^Fmw      , Ww          , Gs^Fmw      , Gs^Fds      , Gs^Fmw      , Hh^Fmw      , Hh          , Gs^Fds      , Gg          , Gg          , Gg          , Gg          , Yss         , Yss         , Re^Gvs      , Re^Gvs      , Re^Gvs      , Yss         , Yss         , Re^Gvs      , Re^Gvs      , Re^Gvs      , Re^Gvs      , Re^Gvs      , Re^Gvs      , Re^Gvs      , Re^Gvs      , Re^Gvs      , Re^Gvs      , Re^Gvs      , Yss         , Yss         , Yss         , Re^Gvs      , Re^Gvs      , Re^Gvs      , Re^Gvs      , Re^Gvs      , Re^Gvs      , Re^Gvs      , Re^Gvs      , Re^Gvs      , Yss         , Yss         , Gg          , Gg          , Gg          , Re          , Gg          , Gg          , Gg          , Gs^Fms      , Gs^Fms      , Gs^Fms      , Gs^Fms      , Gs^Fms      , Gg          
Gs^Fmw      , Ww          , Ww          , Gs^Fmw      , Hh          , Hh          , Hh^Fmw      , Gs^Fds      , Gg          , Gg          , Yss         , Yss         , Re^Gvs      , Re^Gvs      , Re^Gvs      , Re^Gvs      , Re^Gvs      , Re^Gvs      , Re^Gvs      , Yss         , Yss         , Re^Gvs      , Re^Gvs      , Re^Gvs      , Re^Gvs      , Re^Gvs      , Re^Gvs      , Re^Gvs      , Yss         , Yss         , Re^Gvs      , Re^Gvs      , Re^Gvs      , Yss         , Yss         , Re^Gvs      , Re^Gvs      , Re^Gvs      , Re^Gvs      , Re^Gvs      , Yss         , Yss         , Gg          , Gg          , Gg          , Gg          , Re          , Re          , Gg          , Gg          , Gg          , Gg          , Gg          , Gs^Fms      , Gs^Fms      , Gs^Fms      , Gg          
Gg          , Gs^Fmw      , Hh^Fms      , Ww          , Ww          , Gs^Fmw      , Gg          , Gg          , Yss         , Yss         , Re^Gvs      , Re^Gvs      , Re^Gvs      , Re^Gvs      , Re^Gvs      , Re^Gvs      , Re^Gvs      , Re^Gvs      , Yss         , Yss         , Re^Gvs      , Yss         , Yss         , Re^Gvs      , Re^Gvs      , Re^Gvs      , Yss         , Gg          , Re^Gvs      , Re^Gvs      , Re^Gvs      , Re^Gvs      , Re^Gvs      , Re^Gvs      , Re^Gvs      , Yss         , Yss         , Re^Gvs      , Yss         , Yss         , Gg          , Gg          , Gg          , Gg          , Re          , Re          , Gg          , Gg          , Gg          , Gs^Fms      , Gg          , Gg          , Gs^Fms      , Gg          , Gs^Fms      , Gg          , Gg          
Hh^Fms      , Hh^Fms      , Ww          , Ww          , Gg          , Gg          , Yss         , Yss         , Re^Gvs      , Re^Gvs      , Re^Gvs      , Re^Gvs      , Re^Gvs      , Re^Gvs      , Re^Gvs      , Re^Gvs      , Gg          , Yss         , Re^Gvs      , Re^Gvs      , Re^Gvs      , Re^Gvs      , Re^Gvs      , Yss         , Yss         , Yss         , Re^Gvs      , Re^Gvs      , Re^Gvs      , Re^Gvs      , Re^Gvs      , Re^Gvs      , Re^Gvs      , Re^Gvs      , Re^Gvs      , Re^Gvs      , Yss         , Yss         , Gg          , Gg          , Gg          , Gg          , Re          , 1 Re        , Gg          , Gg          , Gg          , Gg          , Gs^Fms      , Gg          , Gg          , Gs^Fms      , Gs^Fms      , Gs^Fms      , Gs^Fms      , Gs^Fms      , Gg          
Ww          , Ww          , Hh^Fms      , Gs^Fds      , Hh^Fmw      , Gg          , Gg          , Yss         , Yss         , Re^Gvs      , Re^Gvs      , Re^Gvs      , Re^Gvs      , Re^Gvs      , Yss         , Yss         , Re^Gvs      , Re^Gvs      , Re^Gvs      , Re^Gvs      , Re^Gvs      , Re^Gvs      , Re^Gvs      , Re^Gvs      , Re^Gvs      , Yss         , Yss         , Re^Gvs      , Re^Gvs      , Re^Gvs      , Re^Gvs      , Re^Gvs      , Re^Gvs      , Re^Gvs      , Yss         , Gg          , Gg          , Gg          , Gg          , Gg          , Re          , Re          , Gg          , Gg          , Gg          , Gg          , Gs^Fms      , Gg          , Gs^Fms      , Gs^Fms      , Gs^Fms      , Gs^Fms      , Gs^Fms      , Gs^Fms      , Gs^Fms      , Gs^Fms      , Hh^Fms      
Hh          , Hh          , Hh          , Hh          , Gs^Fds      , Gg          , Yss         , Yss         , Re^Gvs      , Re^Gvs      , Re^Gvs      , Re^Gvs      , Yss         , Yss         , Re^Gvs      , Re^Gvs      , Re^Gvs      , Re^Gvs      , Re^Gvs      , Re^Gvs      , Re^Gvs      , Re^Gvs      , Re^Gvs      , Re^Gvs      , Yss         , Yss         , Gg          , Yss         , Yss         , Re^Gvs      , Re^Gvs      , Re^Gvs      , Yss         , Yss         , Gg          , Gg          , Gg          , Gg          , Re          , Re          , Gg          , Gg          , Gg          , Gg          , Gg          , Gs^Fms      , Gg          , Gg          , Gs^Fms      , Gs^Fms      , Gs^Fms      , Gg          , Hh^Fms      , Gg          , Hh^Fms      , Hh^Fms      , Gg          
Hh          , Hh          , Hh^Fds      , Hh^Fds      , Gg          , Yss         , Yss         , Re^Gvs      , Re^Gvs      , Re^Gvs      , Yss         , Yss         , Re^Gvs      , Re^Gvs      , Re^Gvs      , Re^Gvs      , Re^Gvs      , Re^Gvs      , Re^Gvs      , Re^Gvs      , Re^Gvs      , Re^Gvs      , Yss         , Yss         , Gg          , Gg          , Gg          , Gg          , Gg          , Yss         , Yss         , Yss         , Gg          , Gs^Fds      , Gg          , Gg          , Re          , Re          , Gs^Fds      , Gs^Fds      , Hh          , Gg          , Gg          , Gg          , Gg          , Gg          , Gg          , Gg          , Gg          , Gs^Fms      , Gg          , Hh^Fms      , Hh^Fms      , Hh^Fms      , Hh^Fms      , Hh^Fms      , Hh^Fms      
Hh          , Hh          , Hh          , Hh^Fms      , Gs^Fds      , Gg          , Gg          , Yss         , Yss         , Yss         , Re^Gvs      , Re^Gvs      , Re^Gvs      , Re^Gvs      , Re^Gvs      , Re^Gvs      , Re^Gvs      , Re^Gvs      , Re^Gvs      , Re^Gvs      , Yss         , Yss         , Gg          , Gg          , Gg          , Gg          , Hh          , Gg          , Gg          , Gg          , Gs^Fds      , Gg          , Gs^Fds      , Gs^Fds      , Gs^Fds      , Gg          , Re          , Gg          , Mm          , Mm          , Mm          , Hh          , Hh^Fdw      , Gg          , Gg          , Gg          , Hh^Fms      , Gg          , Gg          , Gg          , Hh^Fms      , Hh^Fms      , Hh^Fms      , Hh^Fms      , Hh^Fms      , Hh^Fms      , Gg          
Hh          , Hh          , Hh          , Gs^Fds      , Gs^Fds      , Gg          , Gg          , Gg          , Gg          , Yss         , Yss         , Re^Gvs      , Re^Gvs      , Re^Gvs      , Re^Gvs      , Re^Gvs      , Re^Gvs      , Re^Gvs      , Yss         , Yss         , Gg          , Gg          , Hh          , Gg          , Hh          , Hh          , Hh          , Hh          , Hh          , Gs^Fds      , Gs^Fds      , Gs^Fds      , Hh          , Gs^Fds      , Md^Xm       , Gs^Fds      , Re          , Gs^Fds      , Hh^Fds      , Md^Xm       , Md^Xm       , Mm          , Hh^Fdw      , Hh^Fms      , Hh^Fms      , Hh^Fms      , Hh^Fms      , Hh^Fms      , Hh^Fms      , Hh^Fms      , Hh^Fms      , Hh^Fms      , Hh^Fms      , Hh^Fms      , Hh^Fms      , Hh^Fms      , Hh^Fms      
Hh          , Hh          , Hh          , Hh^Fds      , Gs^Fds      , Gg          , Gg          , Gg          , Gs^Fds      , Gg          , Gg          , Gg          , Yss         , Re^Gvs      , Re^Gvs      , Re^Gvs      , Yss         , Yss         , Gg          , Gg          , Hh^Fds      , Hh^Fds      , Hh          , Hh          , Mm          , Hh          , Mm^Xm       , Mm          , Md^Xm       , Mm          , Md          , Hh          , Md          , Hh          , Md^Xm       , Md^Xm       , Mm          , Re          , Hh^Fds      , Md^Xm       , Md^Xm       , Md^Xm       , Md^Xm       , Hh^Fdw      , Hh^Fdw      , Hh^Fdw      , Hh^Fdw      , Hh^Fdw      , Hh^Fdw      , Hh^Fms      , Hh          , Hh^Fms      , Hh^Fms      , Hh^Fms      , Hh^Fms      , Hh^Fms      , Hh^Fms      
Hh          , Hh          , Hh^Fms      , Hh          , Hh^Fds      , Hh          , Hh          , Gs^Fds      , Gs^Fds      , Gs^Fds      , Gg          , Gg          , Gg          , Yss         , Yss         , Yss         , Gg          , Gg          , Gg          , Gg          , Hh          , Hh^Fds      , Hh          , Hh          , Mm          , Mm          , Mm          , Mm          , Mm          , Hd          , Hd          , Md          , Dd          , Dd          , Hd          , Hd          , Dd          , Re          , Dd          , Md          , Md          , Md^Xm       , Hd          , Md^Xm       , Md^Xm       , Md          , Md          , Hh^Fdw      , Md          , Hh          , Hh          , Hh          , Hh          , Hh          , Hh^Fdw      , Hh^Fms      , Hh          
Hh          , Hh          , Hh          , Hh^Fds      , Hh^Fds      , Hh^Fms      , Hh          , Gs^Fds      , Gs^Fds      , Gs^Fds      , Gs^Fds      , Gg          , Gg          , Gg          , Gg          , Gg          , Gs^Fds      , Gs^Fds      , Hh          , Gg          , Hh          , Hh          , Hh^Fms      , Hh^Fms      , Mm          , Mm          , Mm          , Mm          , Md^Xm       , Md          , Hd          , Hd          , Hd          , Dd          , Dd          , Dd^Edp      , Dd          , Re          , Dd          , Dd^Edpp     , Dd          , Hd          , Hd          , Hd          , Hd          , Hd          , Hd          , Md          , Hd          , Md          , Md          , Md          , Hd          , Hh          , Hh          , Hh          , Hd          
Hh          , Hh          , Hh          , Hh          , Hh^Fds      , Hh          , Hh^Fds      , Hh^Fds      , Hh          , Hh^Fms      , Hh^Fds      , Gg          , Hh          , Gg          , Hh          , Gg          , Hh          , Hh          , Hh^Fmw      , Hh          , Hh          , Hh^Fds      , Hh          , Hh          , Mm          , Mm          , Md^Xm       , Md^Xm       , Md          , Hd          , Hd          , Hd          , Dd          , Dd          , Dd          , Dd          , Dd          , Re          , Dd          , Dd^Edpp     , Dd^Edp      , Dd          , Dd          , Hd          , Hd          , Dd          , Dd          , Hd          , Hd          , Hd          , Hd          , Hd          , Hd          , Hd          , Hd          , Hd          , Hd          
Hh          , Hh          , Hh          , Hh          , Hh          , Hh          , Hh          , Hh          , Hh          , Hh          , Hh          , Hh          , Hh          , Hh^Fms      , Hh          , Hh          , Hh          , Hh          , Hh^Fmw      , Hh          , Hh          , Hh          , Hh          , Hh          , Mm          , Mm          , Md^Xm       , Md^Xm       , Hd          , Hd          , Dd          , Hd          , Dd          , Dd^Edp      , Dd          , Dd^Edp      , Dd          , Re          , Dd          , Dd          , Dd          , Dd^Edpp     , Dd^Edpp     , Dd          , Dd          , Dd^Edpp     , Dd          , Dd          , Dd          , Dd          , Dd          , Hd          , Hd          , Hd          , Hd          , Hd          , Hd          
Hh          , Hh          , Hh          , Hh          , Hh          , Hh          , Hh          , Hh          , Hh          , Hh          , Hh          , Hh          , Hh          , Hh          , Hh          , Hh          , Hh          , Hh          , Gg          , Hh          , Gg          , Hh          , Gg          , Mm          , Gg          , Md^Xm       , Hd          , Md          , Dd          , Dd          , Dd          , Dd^Edp      , Dd^Edp      , Dd          , Dd          , Dd          , Dd          , Re          , Dd          , Dd^Edpp     , Dd          , Dd^Edpp     , Dd          , Dd          , Dd^Edpp     , Dd^Edpp     , Dd          , Dd          , Dd          , Dd          , Dd          , Hd          , Dd          , Hd          , Dd          , Hd          , Gg          
