border_size=1
usage=map

Gs^Fds      , Gg          , Gs^Fds      , Ww          , Ww          , Gs^Fds      , Gg          , Gg          , Gg          , Gs^Fds      , Gs^Fds      , Gs^Fds      , Gs^Fds      , Gs^Fds      , Hh^Fms      , Hh^Fms      , Hh^Fms      , Md          , Md          , Md          , Md          , Md          , Hh          , Ww          , Ww          , Gg          , Gg          , Gg          , Gg          , Gg          , Gg          , Gg          , Gg          , Gg          , Gg          , Gg          , Gg          , Gg          , Hh^Fms      , Hh^Fms      , Hh^Fms      , Hh^Fms      , Mm          , Hh^Fms      , Md          , Mm          , Mm          , Mm          , Wo          , Mm          , Mm          , Mm          , Mm          , Gg          , Hh^Fms      , Hh^Fms      , Hh^Fms      , Hh^Fms      
Gs^Fds      , Gs^Fds      , Gg          , Gs^Fds      , Ww          , Gg          , Gg          , Gs^Vc       , Gg          , Gs^Fds      , Gg          , Gg          , Gg          , Gs^Fds      , Gs^Fds      , Hh^Fms      , Hh^Fms      , Md          , Md          , Md          , Md          , Hh          , Hh^Fms      , Ww          , Ww          , Gg          , Gg          , Gg          , Gs^Vc       , Gg          , Gg          , Gg          , Gs^Fms      , Gg          , Gg          , Gg          , Gg          , Gg          , Gg          , Gg          , Hh^Fp       , Hh^Fds      , Mm          , Mm          , Mm          , Md          , Mm          , Mm          , Mm          , Wo          , Mm          , Mm          , Mm          , Hh^Fms      , Hh^Fms      , Hh^Fms      , Hh^Fms      , Hh^Fms      
Gs^Fds      , Gs^Fds      , Gs^Fds      , Gg          , Ww          , Ww          , Ww          , Gg          , Gg          , Gg          , Ce          , Gg          , Gg          , Gg          , Gg          , Gg          , Gs^Fds      , Gs^Fds      , Hh^Fms      , Hh          , Hh^Fms      , Hh          , Ss          , Ss          , Ww          , Ww          , Gg          , Gg          , Gg          , Gs^Fms      , Gs^Fms      , Gs^Fms      , Gg          , Gs^Fms      , Gg          , Gg          , Hh^Fms      , Gg          , Gg          , Gg          , Hh^Fms      , Hh^Fms      , Hh          , Md          , Ww          , Ww          , Ww          , Ww          , Ww          , Ww          , Ww          , Mm          , Mm          , Hh^Fms      , Hh^Fms      , Hh^Fms      , Hh^Fms      , Hh^Fms      
Gs^Fds      , Gs^Fds      , Gg          , Gg          , Ww          , Wot         , Wot         , Ww          , Ww          , Ww          , 3 Ke        , Ce          , Gg          , Gg          , Gg          , Gs^Fds      , Gg          , Gg          , Gg          , Gg          , Gg          , Gg          , Ss          , Wwg         , Ss          , Ww          , Ww          , Ww          , Ww          , Gg          , Gg          , Gg          , Gg          , Gs^Vc       , Gg          , Gs^Fms      , Hh^Fp       , Mm          , Hh^Fds      , Hh^Fms      , Mm          , Hh^Fds      , Mm          , Hh^Fms      , Hh          , Ww          , Ww          , Ww          , Ww          , Ww          , Ww          , Mm          , Hh^Fms      , Mm          , Mm          , Hh^Fms      , Hh^Fms      , Hh^Fms      
Gg          , Gs^Fds      , Gg          , Gg          , Gg          , Ww          , Wot         , Ww          , Wot         , Ww          , Ww          , Gg          , Gg          , Gs^Fds      , Gs^Fds      , Gg          , Gg          , Gg          , Gg          , Gg          , Wwg         , Gg          , Ss          , Wwg         , Ss          , Ss          , Wwg         , Ss          , Gg          , Ww          , Ww          , Gg          , Gg          , Gs^Fms      , Gs^Fms      , Hh^Fp       , Hh^Fp       , Mm          , Gs^Fms      , Mm          , Hh^Fms      , Hh^Fms      , Mm          , Md          , Hh^Fms      , Ww          , Ww          , Ww          , Mm          , Ww          , Ww          , Hh          , Gs^Fms      , Mm          , Mm          , Mm          , Hh^Fms      , Hh^Fms      
Gg          , Gs^Fds      , Gs^Fds      , Gs^Fds      , Gg          , Ww          , Ww          , Gs^Fds      , Gs^Fds      , Wot         , Wot         , Gs^Fds      , Gg          , Gs^Vc       , Gg          , Gg          , Gs^Fds      , Gs^Fds      , Wot         , Wot         , Ss          , Ss          , Wwg         , Wwg         , Wwg         , Ss          , Wwg         , Ss          , Ss          , Gg          , Gg          , Ww          , Ww          , Gg          , Gs^Fms      , Gg          , Gg          , Gs^Fms      , Hh^Fds      , Hh^Fms      , Hh^Fp       , Hh^Fds      , Mm          , Mm          , Mm          , Hh          , Hh^Fds      , Md          , Hh^Fds      , Hh          , Mm          , Ww          , Gs^Fms      , Hh^Fms      , Hh^Fms      , Mm          , Hh^Fms      , Gs^Fms      
Gs^Fds      , Gs^Fds      , Gg          , Gg          , Gg          , Ww          , Ww          , Ww          , Ww          , Wot         , Gg          , Wot         , Wot         , Gg          , Wot         , Gg          , Wot         , Wot         , Ss          , Wot         , Wwg         , Ss          , Ss          , Wwg         , Ss          , Wwg         , Ss          , Wwg         , Ss          , Gg          , Gg          , Gg          , Ww          , Gg          , Gg          , Gg          , Gg          , Gs^Fms      , Gs^Fms      , Hh^Fp       , Chr         , Khr         , Chr         , Md          , Md          , Hh^Fds      , Hh^Fms      , Md          , Hh^Fds      , Hh^Fds      , Md          , Mm          , Gs^Fms      , Hh^Fms      , Hh^Fms      , Hh^Fms      , Hh^Fms      , Gs^Fms      
Gs^Fds      , Gg          , Gs^Fds      , Gs^Vc       , Gg          , Gg          , Gg          , Ww          , Gg          , Ww          , Gg          , Gg          , Gg          , Wot         , Hh^Fds      , Wot         , Hh          , Hh          , Chr         , Ss          , Md          , Wwg         , Ss          , Wwg         , Ss          , Ss          , Ss          , Wwg         , Wwg         , Ss          , Ww          , Ww          , Gg          , Gg          , Gg          , Gg          , Gs^Fms      , Mm          , Md          , Mm          , Hh^Fms      , Hh^Fms      , Hh^Fms      , Chr         , Mm          , Hh^Fms      , Gg          , Hh^Fms      , Gg          , Md          , Hh^Fds      , Md          , Gs^Fms      , Gs^Fms      , Gs^Fms      , Gs^Fms      , Gs^Fms      , Gs^Fms      
Gs^Fds      , Gs^Fds      , Gg          , Gg          , Gs^Fds      , Gs^Fds      , Gg          , Gg          , Gg          , Gg          , Gg          , Gg          , Gs^Fds      , Hh^Fds      , Mm          , Mm          , Md          , Hh^Fms      , Hh^Fms      , Khr         , Md          , Md          , Mm          , Hh^Fds      , Hh^Fms      , Gg^Es       , Gg          , Ss          , Ww          , Ww          , Wwg         , Gs^Fms      , Gg^Es       , Gg          , Gg          , Gs^Fms      , Gs^Fms      , Hh^Fms      , Hh^Fms      , Gs^Fds      , Hh^Fms      , Gs^Fds      , Hh^Fms      , Md          , Md          , Gg          , Gg          , Gg          , Hh^Fms      , Hh^Fms      , Hh^Fms      , Mm          , Gg          , Gs^Fms      , Gg          , Gg          , Gg          , Gg          
Gs^Fds      , Gs^Fds      , Gg          , Gg          , Gs^Fms      , Gg          , Gg          , Gs^Vc       , Gs^Fds      , Gs^Fms      , Gs^Fms      , Gg          , Gs^Fds      , Hh^Fds      , Hh^Fds      , Mm          , Hh          , Md          , Hh          , Chr         , Gg          , Mm          , Hh          , Mm          , Gg^Es       , Gg          , Gg          , Ww          , Hh^Fds      , Hh^Fds      , Gs^Fms      , Wwg         , Wwg         , Wwg         , Wwg         , Wwg         , Gg          , Gg          , Gs^Fds      , Gs^Fds      , Gs^Fds      , Gg          , Hh^Fms      , Hh^Fds      , Mm          , Hh          , Gg          , Gg          , Gg          , Gg          , Gg          , Gg          , Gg          , Gg          , Gs^Fms      , Gg          , Gs^Fms      , Gs^Fms      
Gg          , Gg          , Gg          , Gg          , Gs^Fms      , Gs^Fms      , Gg          , Gg          , Gs^Fds      , Gs^Fds      , Gs^Fms      , Gs^Fds      , Gg          , Hh^Fds      , Gs^Fms      , Hh          , Hh^Fds      , Hh          , Gs^Fms      , Gg          , Gg          , Gg          , Gs^Fms      , Gs^Fms      , Gs^Fms      , Gg          , Gg          , Ww          , Gg          , Gg          , Gg          , Gg          , Wwg         , Gg^Es       , Gg          , Wwg         , Wwg         , Hh^Fms      , Hh^Fms      , Hh          , Mm          , Gg          , Gg          , Md          , Gs^Fms      , Hh^Fms      , Hh          , Gg          , Gg          , Gs^Fms      , Gg          , Gs^Fms      , Gg          , Gg          , Gg          , Gs^Fms      , Gs^Fms      , Gs^Fms      
Gg          , Gs^Fds      , Gg          , Gg          , Gg          , Gs^Fds      , Hh^Fms      , Gs^Fms      , Gg          , Gs^Fms      , Gg          , Gg          , Hh^Fms      , Hh^Fds      , Gs^Fms      , Gs^Fms      , Gs^Fms      , Hh^Fds      , Gs^Fms      , Gs^Fms      , Gg          , Hh^Fds      , Gg          , Gs^Fms      , Gg          , Gg          , Ss          , Wwf         , Ss          , Ss          , Wwg         , Ss          , Wwg         , Ss^Xo       , Ss          , Wwg         , Wwg         , Ss          , Wwg         , Hh^Fms      , Hh^Fms      , Gs^Fds      , Gs^Fds      , Mm          , Hh          , Gs^Fms      , Hh^Fms      , Hh          , Hh          , Gg          , Gg          , Gg          , Gs^Fms      , Gg          , Gg          , Gg          , Gg          , Gs^Fms      
Wwg         , Gg          , Ww          , Wwg         , Ww          , Gg          , Wwg         , Hh^Fms      , Gg          , Gg          , Gs^Fms      , Gg          , Hh^Fms      , Gs^Fms      , Gs^Fms      , Hh^Fds      , Hh^Fds      , Hh^Fp       , Gs^Fms      , Gg          , Gg          , Gg          , Ss          , Gg          , Ss          , Ss          , Ss          , Wwg         , Wwg         , Wwg         , Wwg         , Wwg         , Ss          , Ss          , Gg          , Hh^Fms      , Ss          , Ss          , Wwg         , Gs^Fms      , Hh          , Gs^Fds      , Gs^Fds      , Hh          , Hh          , Hh^Fms      , Hh^Fms      , Hh^Fms      , Gs^Fms      , Gg          , Gg          , Gs^Fms      , Gg          , Gg          , Gg          , Gg          , Gg          , Gs^Fms      
Wwg         , Ww          , Wwg         , Ww          , Wwg         , Ww          , Ww          , Gg          , Gg          , Gs^Fms      , Gg          , Gg          , Gg          , Gs^Fms      , Gg          , Gs^Fp       , Gg          , Gs^Fms      , Gs^Fms      , Gg          , Gg          , Gg          , Wwg         , Wwg         , Wwg         , Ss          , Wwg         , Ss          , Ss          , Wwg         , Ss          , Wwg         , Wwg         , Wwg         , Wwg         , Gg          , Hh^Fp       , Ss          , Ss          , Hh          , Hh^Fds      , Gg          , Gs^Fds      , Gg          , Gg          , Hh          , Hh^Fms      , Hh^Fms      , Gs^Fms      , Gs^Vc       , Gg          , Gg          , Gs^Fms      , Gg          , Gs^Fms      , Gs^Fms      , Gg          , Gg          
Gg          , Gg          , Gg          , Gg          , Gg          , Ss          , Ww          , Gs^Fms      , Gg          , Gg          , Gg          , Gg          , Gg          , Gg          , Gg          , Gg          , Gg          , Gs^Fms      , Gg          , Gg          , Ss          , Ss          , Ss          , Ss          , Ss          , Wwg         , Ss          , Wwg         , Gg^Xo       , Gg          , Gg          , Wwg         , Ss          , Ss          , Ss          , Wwg         , Gg          , Gg          , Gg^Xo       , Ss          , Gs^Fms      , Gg          , Gg          , Gg          , Gs^Fms      , Gs^Fms      , Gs^Fms      , Gs^Fms      , Gg          , Gg          , Gg          , Gg          , Gg          , Gs^Fms      , Gg          , Gs^Fms      , Gg          , Gg          
Gg          , Gg          , Gg          , Gg          , Gg          , Ss          , Wwg         , Hh^Fp       , Gs^Fms      , Gg          , Gg          , Gg          , Gg          , Gg          , Gg          , Gs^Fms      , Gs^Fms      , Gg          , Gg          , Gg          , Ss          , Wwg         , Gg^Efm      , Ss          , Wwg         , Wwg         , Ss          , Wwg         , Wwg         , Gg          , Gg          , Ss          , Gg          , Gg          , Gg          , Wwf         , Ss          , Gg          , Ss          , Gs^Fms      , Ss          , Ss          , Ss          , Gs^Fms      , Gs^Fms      , Gs^Fms      , Gg          , Gs^Fms      , Gg          , Gg          , Gs^Fds      , Gg          , Gg          , Gg          , Gg          , Gg          , Gg          , Gg          
Gg          , Gg          , Gg          , Gs^Fms      , Gs^Fms      , Gg          , Wwf         , Gg          , Gs^Fms      , Gs^Vc       , Re          , Re          , Re          , Gg          , Gs^Fms      , Gs^Fms      , Gs^Fms      , Gg          , Gg^Efm      , Ss          , Wwg         , Ss          , Wwg         , Ss          , Ss          , Ss          , Wwg         , Ss          , Wwg         , Ss          , Ss          , Ss          , Gg          , Gg          , Gg          , Gg          , Gg          , Wwg         , Wwg         , Ss          , Ss          , Ss          , Ss          , Wwg         , Gg^Efm      , Gg^Efm      , Ss          , Gg          , Wwg         , Gg^Efm      , Ss          , Gg          , Gg          , Gg          , Gg          , Gg          , Gg          , Gg          
Gg          , Gg          , Gs^Vc       , Gs^Fds      , Hh^Fp       , Hh^Fds      , Ww          , Hh^Fp       , Re          , Re          , Ce          , Re          , Re          , Gg          , Gs^Fms      , Gs^Fms      , Gg          , Gg          , Gg          , Ss          , Gg          , Ss          , Wwg         , Ss          , Ss          , Wwg         , Ss          , Wwg         , Gg          , Ss          , Gg          , Gg          , Gg          , Gg^Xo       , Gg          , Gg          , Gg          , Wwg         , Gg^Efm      , Wwg         , Gg          , Wwg         , Ss          , Wwg         , Wwg         , Wwg         , Ss          , Wwg         , Ss          , Wwg         , Ss          , Ss          , Gg          , Gg          , Gg          , Gg          , Gg          , Gg          
Gg          , Gg          , Gg          , Gg          , Ww          , Ww          , Gs^Bw/      , Ww^Bw/      , Ww          , Ce          , 2 Ke        , Re          , Gg          , Gs^Fms      , Gs^Fms      , Gs^Fms      , Gg          , Gg          , Gg          , Ss          , Ss          , Gg          , Ss          , Gg          , Gg^Efm      , Gg^Xo       , Gg          , Wwf         , Ss          , Gg          , Gg          , Gg          , Gg          , Gg^Xo       , Gg          , Gg          , Gg          , Ss          , Ss          , Gg          , Gg          , Ss^Xo       , Wwg         , Wwg         , Ss          , Ss          , Ss          , Wwg         , Ss          , Wwg         , Ww          , Gg          , Gg          , Gg          , Gg          , Gg          , Gg          , Gg          
Ww          , Gg          , Ww          , Ww          , Ss          , Re          , Re          , Gs^Vc       , Gg^Fet      , Ww          , Ww          , Ce          , Gg          , Gs^Fms      , Gs^Fms      , Gs^Fms      , Gg          , Gg          , Gg^Efm      , Gg^Efm      , Ss          , Wwg         , Ss          , Ss          , Wwg         , Gg          , Ss          , Wwg         , Wwg         , Ss          , Gg          , Gg          , Gg          , Gg          , Re          , Gg          , Gg          , Wwg         , Ss          , Wwg         , Wwg         , Wwg         , Wwg         , Wwg         , Wwg         , Ss          , Wwg         , Ww          , Wwg         , Ww          , Ww          , Gg          , Gg          , Gg          , Gs^Vc       , Gg          , Gg          , Gg          
Gg          , Ww          , Gs^Fds      , Ww          , Ww          , Gg          , Re          , Gg          , Gg          , Gg          , Ww          , Gg          , Gg          , Gs^Vc       , Gg          , Gg          , Gg          , Gg          , Gg          , Ss          , Ss          , Wwg         , Gg          , Gg          , Ss          , Wwg         , Gg          , Ss          , Ss          , Wwg         , Ss          , Gg          , Gg^Efm      , Gg^Efm      , Re          , Gg          , Gg          , Wwg         , Ss          , Ss          , Ss          , Gg          , Wwg         , Ss          , Gg          , Wwg         , Ss          , Ww          , Ww          , Wwg         , Gg          , Ww          , Ww          , Gg          , Gg          , Gg          , Gg          , Gg          
Gg          , Gs^Fds      , Gs^Fds      , Gg          , Re          , Ww^Bw/      , Ww          , Ww          , Ww          , Ss          , Ww          , Ss          , Gg          , Gg          , Gg          , Gg          , Gg          , Ss          , Ss          , Ss          , Ss          , Gg          , Wwg         , Ss          , Ss          , Ss          , Gg          , Ss          , Gg          , Gg          , Ss          , Gg          , Wwg         , Ss          , Gg          , Gg          , Wwf         , Ss          , Gg          , Wwg         , Gg          , Gg          , Wwg         , Ss          , Gg          , Gg          , Gs^Fms      , Gg          , Gg          , Gg          , Gg          , Gg          , Wwg         , Ww          , Gg          , Gg          , Gg          , Gg          
Gg          , Gg          , Gg          , Gg          , Gg          , Gg          , Gg          , Ww          , Wo          , Ss          , Wo          , Ww          , Ww          , Gg          , Gg          , Gg          , Gg          , Ss          , Wwg         , Wwg         , Ss          , Ss          , Ss          , Ss          , Ss          , Wwg         , Wwg         , Ss          , Gg^Xo       , Gg          , Gg^Efm      , Wwf         , Wwg         , Ss          , Gg          , Wwg         , Gg          , Gg          , Gg^Xo       , Gg          , Ss          , Gg          , Gg          , Ss          , Gg          , Gg          , Gg          , Gg          , Gg          , Gg          , Wwg         , Wwg         , Gg          , Ww          , Gg          , Gg          , Gg          , Gg          
Gg          , Gg          , Gg          , Gg          , Gs^Fds      , Gg          , Gs^Fds      , Gg          , Ss          , Wo          , Ww          , Wo          , Wo          , Ww          , Ww          , Gg          , Ww          , Ww          , Ww          , Ss          , Ss          , Ss          , Ss          , Ss          , Wwg         , Ss          , Gg          , Wwg         , Gg          , Gg          , Wwg         , Gg          , Ss          , Gg          , Re          , Gg          , Gg          , Gg          , Ss          , Ss          , Gg^Efm      , Gg          , Ss          , Gg          , Ww          , Gg          , Gg          , Gg          , Gg          , Gg          , Ss          , Wwg         , Gg          , Ww          , Gg          , Gg          , Gg          , Gg          
Gg          , Gg          , Gg          , Gs^Fms      , Gg          , Gg          , Gg          , Gs^Fds      , Gg          , Ss          , Ss          , Gg          , Gg          , Wo          , Gg          , Ww          , Gg          , Ww          , Ww          , Ww          , Ww          , Wwg         , Ss          , Ss          , Ss          , Wwg         , Gg^Efm      , Gg          , Gg          , Gg          , Gg          , Wwg         , Wwg         , Ss          , Gg          , Gg          , Ww          , Gg          , Gg^Efm      , Wwg         , Ss          , Ss          , Wo          , Ss          , Ss          , Gg          , Gg          , Gg          , Chs         , Khs         , Ss          , Ss          , Ww          , Ww          , Gg          , Gg          , Gg          , Gg          
Gg          , Gs^Fds      , Gs^Fds      , Gg          , Gg          , Gg          , Gg          , Gs^Fds      , Gg          , Gg          , Gg          , Gg          , Gg          , Gg          , Gs^Fds      , Gs^Fds      , Gg          , Gg          , Ss          , Ww          , Ww          , Gg          , Ww          , Ww          , Ww          , Ww          , Ww          , Ss          , Ss^Xo       , Re          , Wwf         , Wwg         , Wwg         , Wwg         , Ss          , Gg          , Ss          , Gg          , Gg^Xo       , Wwg         , Wo          , Ss          , Ss          , Wo          , Ww          , Wwg         , Gg          , Wwg         , Wwg         , Chs         , Chw         , Wwg         , Ww          , Ww          , Ww          , Gg          , Gg          , Gg          
Gg          , Gg          , Gg          , Gg          , Gg          , Gs^Vc       , Gg          , Gg          , Gs^Fms      , Gg          , Gg          , Gg          , Gg          , Gg          , Gg          , Gs^Fds      , Gg          , Gg          , Gg          , Ss          , Gg          , Ww          , Wwg         , Ss          , Ss          , Ww          , Gg          , Ww          , Wwg         , Wwf         , Re          , Gg          , Gg          , Ww          , Ww          , Re          , Wwg         , Gg          , Ss          , Ss          , Wo          , Ss          , Wo          , Wo          , Gg          , Wwg         , Wwg^Bw|     , Wwg         , Wwg         , Wwg         , Ww          , Ww          , Gg          , Gg          , Ww          , Ww          , Ww          , Gg          
Gg          , Gg          , Gg          , Ww          , Wo          , Gg          , Gg          , Gg          , Gg          , Gg          , Gg          , Gg          , Gs^Fms      , Gg          , Gg          , Gg          , Gg          , Gg          , Gg          , Gg          , Gg          , Wwg         , Wwg         , Wwg         , Ss          , Gg          , Gg          , Ss          , Gg          , Gg          , Gg          , Re          , Gg          , Gg^Efm      , Gg^Efm      , Ww          , 1 Re        , Ww          , Ww          , Ss          , Ww          , Wo          , Ss          , Ss          , Gg          , Gg          , Re          , Gg          , Ss          , Ww          , Ww          , Ww          , Ww          , Gg          , Ww          , Ww          , Ww          , Ww          
Gs^Fds      , Gs^Fds      , Ww          , Wwg         , Wwg         , Gg          , Gs^Fds      , Gg          , Gs^Fds      , Gg^Es       , Gg          , Gs^Fms      , Gs^Fms      , Gg          , Gg          , Gg          , Gs^Fds      , Gs^Fms      , Gg          , Gg          , Gg          , Ss          , Wwg         , Ss          , Gs^Fms      , Gs^Fms      , Gs^Fms      , Gg          , Gs^Vc       , Gg          , Gs^Fds      , Gg          , Gg          , Gg          , Gg          , Gg          , Re          , Gg          , Gg          , Ww          , Gg          , Gg          , Gg          , Gg          , Gg          , Gg          , Gg          , Gg          , Ss          , Wo          , Ss          , Ww          , Gg          , Ww          , Ww          , Ww          , Gg          , Ww          
Gs^Fds      , Gs^Fds      , Gs^Fms      , Ww          , Gg          , Gs^Fds      , Gg          , Gg          , Gg          , Gg          , Gg          , Gs^Fms      , Gs^Fds      , Gg          , Gs^Fds      , Gs^Fms      , Gs^Fds      , Gg          , Gs^Fms      , Gg          , Gs^Fds      , Gs^Fds      , Wwg         , Ss          , Gg          , Gs^Fms      , Gs^Fms      , Gg          , Gg          , Gs^Fds      , Gg          , Gg          , Gg          , Gg          , Gg          , Gg          , Gg          , Gg          , Gg          , Gg          , Re          , Gg          , Gg          , Gg          , Gg          , Gg          , Gg          , Gg          , Gg          , Ss          , Ss          , Gg          , Gg          , Gs^Fms      , Gs^Fms      , Gg          , Gg          , Gg          
Gg          , Gs^Fms      , Gs^Fds      , Gs^Fms      , Gg          , Gg          , Gg^Es       , Gg          , Gg          , Gs^Fms      , Gs^Fms      , Gs^Fms      , Gs^Fds      , Hh^Fds      , Hh^Fmw      , Hh^Fp       , Hh^Fds      , Gs^Fds      , Gs^Fds      , Gg          , Gg          , Gs^Fms      , Wwg         , Gg          , Gg          , Gg          , Gg          , Gg          , Gs^Vc       , Gg          , Gg          , Gg          , Gs^Fds      , Gg          , Gg          , Gg          , Gs^Fms      , Gg          , Gg          , Gg          , Gg          , Gg          , Gg          , Gg          , Gg          , Gg          , Gg          , Gg          , Gg          , Gg          , Gg          , Gg          , Gg          , Gs^Fms      , Gg          , Gs^Fms      , Gg          , Gg          
Gg          , Gs^Fds      , Gg          , Gg          , Gg          , Gg          , Gg          , Gg          , Gg          , Gg          , Gg          , Gg          , Gs^Fds      , Hh^Fp       , Hh^Fmw      , Hh^Fp       , Hh^Fp       , Gs^Fms      , Hh^Fms      , Wwg^Es      , Wwg         , Wwg         , Gg^Efm      , Gg          , Gg          , Gg          , Gg          , Gg          , Gg          , Gg          , Gg          , Gg          , Gs^Fds      , Gg          , Gg          , Gs^Fms      , Gg          , Gg          , Gg          , Gs^Vc       , Gg          , Gg          , Gg          , Gs^Vc       , Re          , Gg          , Gg          , Re          , Re          , Gg          , Gg          , Gg          , Gg          , Gg          , Gg          , Gs^Fms      , Gg          , Gg          
Gg          , Gg          , Gg          , Gg          , Gg          , Gg          , Gg          , Gg          , Gg          , Gg          , Gs^Fms      , Gs^Fms      , Gs^Fms      , Hh^Fds      , Hh^Fp       , Hh^Fds      , Hh^Fds      , Hh^Fds      , Hh^Fms      , Wwg^Es      , Wwg         , Wwg         , Wwg         , Gs^Fms      , Gg          , Gg          , Gs^Fms      , Gg          , Gs^Fms      , Gs^Fms      , Gg          , Gs^Fds      , Gg          , Gs^Fds      , Gg          , Gg          , Gg          , Gg          , Gg          , Gg          , Gg          , Gg          , Gg          , Gg          , Gg          , Gg          , Gg          , Gg          , Gg          , Gg          , Gg          , Gg          , Gg          , Gg          , Gg          , Gs^Fms      , Gg          , Gg          
Gg          , Gg          , Gg^Es       , Gg^Es       , Gg^Es       , Gg          , Gg          , Gg          , Gg          , Gg          , Gg          , Gg          , Gg          , Gg          , Gg          , Gg          , Gg          , Gg          , Gg          , Wwg^Es      , Wwg         , Wwg         , Wwg         , Gg          , Gg          , Gg          , Gg          , Gg          , Gg          , Gg          , Gg          , Gg          , Gg          , Gg          , Gg          , Gg          , Gg          , Gg          , Gs^Fms      , Gs^Fms      , Gs^Fms      , Gs^Fms      , Gg          , Gg          , Gg          , Gg          , Gg          , Gg          , Gg          , Gg          , Gg          , Re          , Gg          , Gg          , Gg          , Gg          , Gg          , Gg          
Gs          , Gg          , Gs^Es       , Gg^Es       , Gs^Es       , Gg^Es       , Gs^Es       , Gg          , Gg          , Gg          , Gg^Es       , Gg^Es       , Gg^Es       , Gg          , Gg          , Gg^Es       , Gg          , Gg          , Gg          , Gg^Efm      , Gg^Efm      , Wwg         , Gg          , Gg          , Gg          , Gg          , Gg          , Gg          , Gg          , Gg          , Gg          , Gg          , Gg          , Gg          , Gs^Fms      , Gg          , Gs^Fms      , Gg          , Gg          , Gg          , Gg          , Gg          , Gg          , Gg          , Gg          , Gg          , Gg          , Gg          , Gg          , Gg          , Gg          , Gg          , Gg          , Re          , Re          , Gg          , Gg          , Gg          
Gs          , Gs^Es       , Gs^Es       , Gs^Es       , Gg          , Gg          , Gs^Fms      , Gs^Fms      , Gs^Es       , Gs          , Gs^Es       , Gg^Es       , Gg^Es       , Gg          , Gg          , Gg          , Gg          , Gg          , Gs^Vc       , Gg          , Gg          , Gg          , Gs^Vc       , Gg          , Gg          , Gg          , Gg          , Gg          , Gg          , Gg          , Gg          , Gs^Fms      , Gs^Fms      , Gs^Fms      , Gs^Fms      , Gg          , Hh^Fds      , Gg          , Gs^Fms      , Gg          , Gg          , Gg          , Gg          , Gg          , Gg          , Gg          , Gg          , Gg          , Gs^Fms      , Gg          , Rb^Gvs      , Gg          , Gg          , Gg          , Gg          , Re          , Re          , Gg          
Gs          , Gs^Es       , Gg          , Gs^Fms      , Gs^Fms      , Gg^Es       , Gs^Es       , Gs^Fms      , Gs^Es       , Gs^Es       , Gs^Fms      , Gs^Fms      , Gg^Es       , Gg          , Gg^Es       , Gg          , Gg          , Gg^Es       , Gg          , Gg          , Gg          , Gg          , Gg          , Gg          , Gg          , Gg          , Gs^Fms      , Gg          , Gs^Fms      , Gg          , Gg          , Gg          , Gg          , Gs^Fms      , Gs^Fms      , Gs^Fms      , Hh^Fds      , Hh^Fds      , Gs^Fms      , Gs^Fms      , Gg          , Gg          , Gg          , Gg          , Ww          , Gg          , Gs^Fms      , Gg          , Gs^Fms      , Rb^Gvs      , Rb^Gvs      , Rb^Gvs      , Rb^Gvs      , Gg          , Gg          , Gg          , Re          , Re          
Hh^Fms      , Gs^Es       , Hh          , Hh          , Hh^Fms      , Hh          , Hh          , Gs^Fms      , Gs^Es       , Gs^Es       , Gs^Fms      , Gs^Fms      , Gg          , Gg^Es       , Gg^Es       , Gg^Es       , Gs^Fms      , Gs^Fms      , Gg          , Gg          , Gg          , Gg          , Gg          , Gg          , Gg          , Gs^Fms      , Gg          , Gs^Fms      , Gs^Fms      , Gs^Fms      , Gs^Fms      , Gg          , Gs^Fms      , Gs^Fms      , Gs^Fms      , Hh^Fds      , Hh^Fds      , Hh^Fds      , Gg          , Gg          , Gg          , Gg          , Gg          , Ww^Es       , Ww          , Ww          , Gg          , Gs^Fms      , Rb^Gvs      , Rb^Gvs      , Rb^Gvs      , Rb^Gvs      , Gg          , Gg          , Re          , Re          , Gg          , Gg          
Hh^Fms      , Hh          , Ww          , Ww          , Ww          , Hh          , Hh          , Gg          , Gs          , Gs          , Gs^Fms      , Gg          , Gg          , Gs^Es       , Gs^Es       , Gg^Es       , Gs^Es       , Gs^Fms      , Gg^Es       , Gg          , Gs^Fms      , Gg          , Gg          , Gs^Fms      , Gs^Fms      , Gs^Fms      , Gs^Fms      , Gg          , Gs^Fms      , Hh^Fms      , Hh^Fms      , Gs^Fms      , Hh^Fms      , Hh^Fms      , Hh^Fms      , Hh^Fds      , Gg          , Gg          , Gs^Fms      , Gg          , Gg          , Gs^Fms      , Gs^Fms      , Ww          , Gg          , Gg          , Re          , Gs^Vh       , Gg          , Rb^Gvs      , Gg          , Gg          , Re          , Re          , Gs^Fds      , Gg          , Gs^Fds      , Gg          
Hh          , Hh^Fms      , Hh^Fms      , Ww^Es       , Ww^Es       , Hh          , Hh^Fms      , Gs^Es       , Gs^Fms      , Hh          , Hh          , Gs^Fms      , Gs^Es       , Gs^Es       , Gs          , Gs^Es       , Gs^Es       , Gs^Fms      , Hh^Fms      , Gs^Fms      , Gs^Fms      , Gs^Fms      , Gs^Fms      , Gg          , Gg          , Gs^Fms      , Gs^Fms      , Gs^Fms      , Hh^Fms      , Hh^Fms      , Hh^Fms      , Hh^Fms      , Hh^Fms      , Mm          , Gs^Fms      , Gs^Fms      , Hh^Fds      , Gg          , Gs^Fms      , Gg          , Gs^Fms      , Gs^Fms      , Rb^Gvs      , Gg          , Gs^Vh       , Re          , Re          , Re          , Gg          , Gg          , Re          , Re          , Gg          , Gs^Fds      , Gg          , Gs^Fds      , Gs^Fds      , Gg          
Hh          , Hh          , Hh          , Ww          , Hh          , Hh          , Hh^Fms      , Hh          , Hh          , Hh^Fms      , Hh          , Gs          , Gs^Fms      , Gg          , Hh^Fms      , Gs          , Gs          , Hh^Fms      , Hh^Fms      , Chr^Es      , Hh^Fds      , Hh^Fds      , Gs^Fms      , Gg          , Gg          , Gg          , Gg          , Gs^Fms      , Hh^Fms      , Hh^Fms      , Hh^Fms      , Mm          , Mm          , Mm          , Gs^Fms      , Gs^Fms      , Hh^Fds      , Hh^Fds      , Gs^Fms      , Gs^Fms      , Gg          , Rb^Gvs      , Rb^Gvs      , Rb^Gvs      , Gg          , Gg          , Gg          , Re          , Re          , Re          , Gg          , Gg          , Gg          , Gs^Fds      , Gg          , Gs^Fms      , Gg          , Gg          
Hh          , Hh          , Hh          , Hh          , Hh          , Hh          , Hh          , Hh          , Gs^Es       , Gs^Fms      , Gs^Es       , Gs^Fms      , Gs          , Gg^Es       , Hh^Fms      , Hh^Fms      , Hh^Fms      , Hh^Fms      , Hh^Fms      , Chr^Efm     , Hh^Fms      , Chr^Es      , Gs^Fms      , Gs          , Gs          , Gg          , Gg          , Gs^Fms      , Gs^Fms      , Hh^Fms      , Gs^Fms      , Mm          , Gs^Fms      , Gs^Fms      , Gs^Fms      , Gs^Fms      , Gs^Fms      , Gs^Fms      , Gs^Fms      , Gs^Fms      , Rb^Gvs      , Rb^Gvs      , Rb^Gvs      , Rb^Gvs      , Gg          , Gg          , Re          , Re          , Gg          , Gg          , Gg          , Gg          , Gs^Fms      , Gg          , Gg          , Gg          , Gg          , Gg          
Gs          , Hh          , Hh          , Hh          , Gs^Es       , Hh          , Gs^Es       , Gs^Es       , Gs^Es       , Gs^Fms      , Gs^Es       , Gs^Es       , Gs          , Gs^Es       , Gs          , Hh^Fms      , Hh^Fms      , Hh^Fms      , Gs          , Hh^Fms      , Gs          , Hh^Fms      , Gs          , Gs          , Gs          , Gg          , Gg          , Gs^Fms      , Gs^Fms      , Gs^Fms      , Gs^Fms      , Gs^Fms      , Gs^Fms      , Gs^Fms      , Gg          , Gs^Fms      , Gg          , Gs^Fms      , Gg          , Gg          , Gg          , Rb^Gvs      , Gg          , Gg          , Re          , Re          , Gg          , Gg          , Gg          , Gg          , Gg          , Gg          , Gg          , Gg          , Gg          , Gg          , Gg          , Gg          
