border_size=1
usage=map

Hh          , Md          , Md          , Hh          , Gg          , Hh^Fms      , Gg          , Hh          , Hh^Fms      , Mm          , Mm^Xm       , Mm^Xm       , Hh          , Gg          , Gg          , Gg          , Gg          , Gg          , Gg          , Gg          , Gg          , Gg          , Gg          , Gg          , Gg          , Gg          , Gg          , Gg          , Gg          , Gg          , Gg          , Gg          , Gg          , Gg          , Gg          , Gg          , Gg          , Gg          , Ww          , Ww          , Gg          , Gg          , Gg          , Gg          , Gg          , Gg          
Hh^Fms      , Hh          , Gg          , Md          , Gg          , Gg          , Wwf         , Ww          , Ww          , Hh          , Wwf         , Mm^Xm       , Ww          , Gg          , Re          , Gg          , Gg          , Gg          , Gg          , Gg          , Gg          , Gg          , Gg          , Gg          , Gg          , Gg          , Gg          , Gg          , Gg          , Gg          , Gg          , Gg          , Gg          , Gg          , Gg          , Gg          , Ww          , Ww          , Gg          , Gg          , Gg          , Gg          , Gg          , Gg          , Gg          , Gg          
Md          , Md          , Ww          , Ww          , Ww          , Ww          , Gg          , Gg          , Gg          , Ww          , Hh          , Wwf         , Gg          , Wwf         , Ww          , Re          , Re          , Gg          , Gg          , Gs^Fds      , Gg^Fet      , Gg          , Gs^Fds      , Ww          , Ww          , Gg          , Ww          , Gg          , Gg          , Gg          , Gg          , Gg          , Ww          , Ww          , Ww          , Ww          , Ww          , Gg          , Gg          , Gg^Vh       , Gg          , Gg          , Gg          , Gg          , Gg          , Gg          
Ww          , Ww          , Hh          , Hh          , Hh          , Hh^Fms      , Hh^Fms      , Gg          , Hh^Fds      , Hh          , Mm          , Hh          , Hh^Fms      , Ww          , Ww          , Gg          , Re          , Gg          , Gg          , Gs^Vh       , Gs^Fds      , Gg          , Ww          , Ww          , Gs^Fds      , Ww          , Gg          , Ww          , Ww          , Gg          , Ww          , Ww          , Ce          , 3 Ke        , Ce          , Ww          , Ww          , Gg          , Gg          , Gg          , Gg          , Gg          , Gg          , Gg          , Gs^Fds      , Gg          
Hh          , Hh          , Mm^Xm       , Mm^Xm       , Mm^Xm       , Mm          , Mm^Xm       , Hh^Fms      , Mm^Xm       , Mm^Xm       , Md          , Hh^Fms      , Ww          , Ww          , Ww          , Gg          , Re          , Gg          , Gg          , 5 Gg        , Gg          , Gs^Fds      , Gg          , Ww          , Gg          , Gs^Fds      , Ww          , Ww          , Gg          , Ww          , Ww          , Ww          , Gg          , Ce          , Re          , Gg          , Gg          , Gg          , Gg          , Gg          , Gg          , Gg          , Gs^Fds      , Gs^Fds      , Gs^Fms      , Gs^Fds      
Mm^Xm       , Mm^Xm       , Mm          , Mm^Xm       , Mm          , Mm^Xm       , Mm          , Mm          , Ww          , Md          , Hh^Fds      , Hh^Fms      , Ww          , Ww          , Gs^Fds      , Ww          , Ww^Bw|      , Gg          , Gg          , Gg          , Ww          , Ww          , Gg          , Ww          , Ww          , Ww          , Gg          , Gg          , Gg          , Gg          , Gg          , Ww          , Gg          , Re          , Re          , Gg          , Gg          , Gg          , Gg          , Gg          , Gg          , Gs^Fds      , Gs^Fds      , Gs^Fms      , Gs^Fds      , Gs^Fds      
Mm          , Mm          , Hh          , Hh^Fms      , Gs^Fds      , Gs^Fds      , Hh^Fms      , Ww          , Ww          , Ww          , Ww          , Ww          , Ww          , Gs^Fds      , Gs^Fds      , Gs^Fds      , Re          , Ww          , Ww          , Gg          , Ww          , Ww          , Ww          , Ww          , Gg          , Gg          , Gs^Fds      , Gs^Fds      , Gg          , Gg          , Gg^Vh       , Gg          , Gg          , Gg          , Re          , Gg          , Gg          , Gg          , Gg          , Gg          , Gg          , Gs^Fds      , Gs^Fds      , Gs^Fms      , Gs^Fds      , Gs^Fds      
Hh          , Hh          , Hh^Fms      , Hh^Fp       , Gs^Fds      , Gg          , Gg          , Gs^Fms      , Ww          , Ww          , Ww          , Ww          , Ww          , Ww          , Gs^Fds      , Gs^Fds      , Re          , Gg          , Re          , Ww          , Gg          , Gg          , Gg          , Gg          , Gg          , Gg          , Gg          , Gg          , Gg          , Gg          , Gg          , Gg          , Gg          , Gg          , Re          , Gg          , Gg          , Gg          , Gg          , Gg          , Gg          , Gg          , Gg          , Gs^Fds      , Gs^Fds      , Gs^Fds      
Gg          , Gg          , Gg          , Gg          , Gs^Fds      , Gg          , Gs^Fms      , Ww          , Ww          , Ww          , Ww          , Ww          , Ww          , Ww          , Gs^Fds      , Gg          , Re          , Re          , Gg          , Gs^Vh       , Gg          , Gg          , Gg          , Gs^Vh       , Gg          , Gg          , Gs^Fds      , Gg          , Gg          , Gg          , Gg          , Gg          , Gg          , Gg          , Re          , Gg          , Gg          , Gg          , Gg          , Gg          , Gg          , Gg          , Gg          , Gg          , Gg          , Gg          
Gg          , Gg          , Gg          , Gg          , Gg          , Gg          , Gs^Fds      , Gs^Fds      , Gs^Fds      , Ww          , Ww          , Ww          , Gs^Fms      , Gs^Fds      , Gs^Fds      , Gg          , Re          , Gg          , Gs^Fds      , Gg          , Gg          , Gg          , Gg          , Gg          , Gg          , Gs^Fds      , Gs^Fms      , Gs^Fms      , Gg          , Gg          , Gg          , Gg          , Gg^Vh       , Gg          , Re          , Gg          , Gg          , Gg          , Gg          , Gs^Fms      , Gg          , Gg          , Gg          , Gg          , Gg          , Gg          
Gg          , Gg          , Gg          , Gg          , Gs^Fds      , Gs^Fds      , Gs^Fds      , Gs^Fms      , Gs^Fms      , Gs^Fds      , Ww          , Gs^Fds      , Gs^Fds      , Gs^Fds      , Gg          , Gg          , Re          , Gs^Fds      , Gs^Fds      , Gs^Fds      , Gg          , Gg          , Gs^Fds      , Gg          , Gg          , Gs^Fds      , Gs^Fds      , Gs^Fds      , Gg          , Gg          , Gs^Fds      , Gg          , Gg          , Gg          , Gg          , Re          , Re          , Gg          , Gg          , Gg          , Gs^Fms      , Gg          , Gg          , Gg          , Gg          , Gg          
Gg          , Gg          , Gg          , Gg          , Gs^Fds      , Gs^Fds      , Gs^Fds      , Gs^Fms      , Gs^Fms      , Gs^Fds      , Ww          , Gs^Fds      , Gs^Fds      , Gs^Fds      , Gg          , Gg          , Re          , Gs^Fds      , Gs^Fms      , Gs^Fds      , Gs^Fds      , Gg          , Gs^Fms      , Gg          , Gg          , Gg          , Gg          , Gg          , Gg          , Gg          , Gg          , Gg          , Gg          , Gg          , Gs^Fds      , Gs^Fds      , Gg          , Re          , Re          , Gg          , Gg          , Gg          , Gg          , Gg          , Gg          , Gg          
Gg          , Gg          , Gg          , Gg          , Gg          , Gs^Fds      , Gs^Fds      , Gs^Fms      , Gs^Fds      , Gs^Fds      , Ww          , Gg          , Gg          , Gg          , Gs^Fds      , Gg          , Re          , Gg          , Gs^Fds      , Gs^Fms      , Gs^Fds      , Gg          , Gg          , Gg          , Gs^Fds      , Gg          , Gg          , Gg          , Gg          , Gg          , Gg          , Gg          , Gg          , Gg          , Gg          , Gg          , Gg          , Gg          , Gg          , Re          , Re          , Gg          , Gg          , Gg          , Gg          , Gg          
Gg          , Gg          , Gg          , Gs^Fds      , Gg          , Gg^Fet      , Gg          , Gs^Fds      , Gs^Fds      , Gs^Fds      , Ww          , Gg          , Gs^Fds      , Gg          , Re          , Re          , Gs^Fds      , Gs^Fms      , Gs^Fds      , Gs^Fds      , Gg          , Gg          , Gg          , Gg          , Gg          , Gs^Fds      , Gg          , Gg          , Gg          , Gg          , Gg          , Gg          , Gg          , Gg          , Gg          , Gg          , Gg          , Gg          , Gg          , Gg          , Gg          , Re          , Re          , Gg          , Gg          , Gg          
Gg          , Gg          , Gg          , Gg          , Gg          , Gg          , Gs^Fds      , Gg          , Gg          , Gg          , Ww          , Gg          , Gs^Fds      , Gg          , Re          , Gg          , Gs^Fds      , Gs^Fms      , Gs^Fds      , Gg          , Gs^Fds      , Gg          , Gg          , Gg          , Gg          , Gg          , Gs^Fds      , Gs^Fds      , Gs^Fds      , Gg          , Gg          , Gg          , Gg          , Gg          , Gs^Fms      , Gs^Fms      , Gs^Fms      , Gg          , Gg          , Gg          , Gg          , Gg          , Gg          , Re          , Re          , Gg          
Gg          , Gg          , Gg          , Gg          , Gs^Fds      , Gs^Fds      , Gg^Vh       , Gg          , Gg          , Gg          , Ww          , Gs^Fds      , Gg          , Gg          , Re          , Gg          , Gg          , Gs^Fds      , Gg          , Gs^Fds      , Gg          , Gg          , Gs^Fds      , Gs^Fds      , Gs^Fds      , Gg          , Gs^Fds      , Gs^Fds      , Gs^Fms      , Gg          , Gg          , Gg          , Gg          , Gg          , Gg          , Gg          , Gg          , Gg          , Gg          , Gg          , Gg          , Gg          , Gg          , Gg          , Re          , Re          
Gg          , Gg          , Gg          , Gs^Fds      , Gg          , Gs^Fds      , Gg          , Gg          , Ww          , Ww          , Gg          , Gg^Fet      , Gg          , Gg          , Re          , Gg          , Gg          , Gg          , Gs^Fds      , Gg          , Gg          , Gg          , Gs^Fds      , Gs^Fds      , Gs^Fms      , Gg          , Gg          , Gs^Fms      , Gs^Fms      , Gg          , Gg          , Gg          , Gg          , Gg          , Gg          , Gg          , Gg          , Gg          , Gg          , Gg          , Gg          , Gg          , Re          , Re          , Gg          , Gg          
Gg          , Gg          , Gg          , Gs^Fds      , Gg          , Gg          , Ww          , Ww          , Gg          , Gg          , Gg          , Gg          , Gg          , Gg          , Re          , Gg          , Gg          , Gs^Fds      , Gg          , Gg          , Gg          , Gg          , Gg          , Gs^Fds      , Gs^Fms      , Gs^Fds      , Gs^Fms      , Gs^Fds      , Gs^Fds      , Gs^Fds      , Gg          , Gg          , Gg          , Gg          , Gg          , Gg          , Gg          , Gg          , Gg          , Gg          , Re          , Re          , Gg          , Gg          , Gs^Fms      , Gg          
Gg          , Gg          , Gg          , Gs^Fds      , Gg          , Gg          , Ww          , Gg          , Gg^Vh       , Gg          , Gg          , Gg          , Gg          , Gg          , Re          , Gg          , Gg          , Gg          , Gg          , Gg          , Gg          , Gg          , Gg          , Gs^Fds      , Gs^Fms      , Gs^Fms      , Gs^Fds      , Gs^Fds      , Gs^Fds      , Gs^Fds      , Gg          , Gg          , Gg          , Gg          , Gg          , Gg          , Gg          , Gg          , Re          , Re          , Gg          , Gg          , Gg          , Gs^Fms      , Gs^Fds      , Gs^Fds      
Gg          , Gg          , Gg          , Gg          , Gg          , Ww          , Gg          , Gg          , Re          , Gg          , Gg          , Gg          , Gg          , Gg          , Re          , Gg          , Gg          , Gg          , Gg          , Gg          , Gg          , Gg          , Gg          , Gs^Fds      , Gs^Fds      , Gs^Fms      , Gg          , Gg          , Gg          , Gg          , Gg          , Gg          , Gg          , Gg          , Gg          , Gg          , Re          , Re          , Gg          , Gg          , Gg          , Gg          , Gs^Fds      , Gs^Fds      , Gs^Fds      , Gs^Fds      
Ww          , Gg          , Gg          , Gg          , Ww          , Ww          , Gg          , Gg          , Re          , Gg          , Gg          , Gg          , Gg          , Gg          , Re          , Gs^Fms      , Gs^Fms      , Gs^Fms      , Gg          , Gg          , Gg          , Gg          , Gg          , Gg          , Gg          , Gg          , Gg          , Gg          , Gg          , Gg          , Gg          , Gg          , Gg          , Gg          , Re          , Re          , Gg          , Gg          , Gg          , Gg          , Gg          , Gs^Fds      , Gs^Fds      , Gs^Fms      , Gs^Fds      , Gs^Fds      
Gg          , Ww          , Ww          , Ww          , Gg          , Gg          , Gg          , Gg          , Re          , Gs^Fms      , Gs^Fms      , Gg          , Re          , Re          , Gs^Fms      , Gs^Fms      , Gg          , Gg          , Gg          , Gg          , Gg          , Gg          , Gg          , Gg          , Gg          , Gg          , Gg          , Gg          , Gg          , Gg          , Gg          , Gg          , Re          , Re          , Gg          , Gg          , Gg          , Gg          , Gg          , Gg          , Gs^Fds      , Gg^Fet      , Gs^Fds      , Gs^Fds      , Gs^Fds      , Gs^Fds      
Gg          , Gg          , Gg          , Gg          , Gg          , Gg^Vh       , Re          , Re          , Gs^Fms      , Gs^Fms      , Re          , Re          , Gg          , Gg          , Gs^Fms      , Gg          , Gg          , Gg          , Gg          , Gg          , Gg          , Gg          , Gg          , Gg          , Gg          , Gg          , Gg          , Gg          , Gg          , Gg          , Re          , Re          , Gg          , Gg          , Gg          , Gg          , Gg          , Gg          , Gg          , Gg          , Gs^Fds      , Gs^Fds      , Gs^Fds      , Gg          , Gg          , Gg          
Gg          , Gg          , Gg          , Gg          , Gs^Fms      , Re          , Re          , Gs^Fms      , Re          , Re          , Gg          , Gg          , Gg          , Gs^Fms      , Gg          , Gg          , Gg          , Gg          , Gg          , Gg          , Gg          , Gg          , Gg          , Gg          , Gg          , Gg          , Gg          , Gg          , Re          , Re          , Gg          , Gg          , Gg          , Gg          , Gg          , Gg          , Gg          , Gg          , Gg          , Gg          , Gg          , Gs^Fds      , Gs^Fds      , Gg          , Gg          , Gg          
Gg          , Gg          , Gg          , Gg          , Gs^Fms      , Gs^Fms      , Gg          , Re          , Gg          , Gg          , Gg          , Gg          , Gg          , Gg          , Gg          , Gg          , Gg          , Gg          , Gg          , Gg          , Gg          , Gg          , Gg          , Gg          , Gg          , Gg          , Re          , Re          , Gg          , Gg          , Gg          , Gg          , Gg          , Gg          , Gg          , Gg          , Gg          , Gg          , Gg          , Gg          , Gg^Fet      , Gg          , Gg^Fet      , Gs^Fds      , Gg          , Gg          
Gg          , Gg          , Gg          , Gg          , Gg          , Gg          , Gg          , Re          , Gg          , Gg          , Gg          , Gg          , Gg          , Gg          , Gg          , Gg          , Gg          , Gg          , Gg          , Gg          , Gg          , Gg          , Gg          , Gg          , Re          , Re          , Gg          , Gg          , Gg          , Gg          , Gg          , Gg          , Gg^Vh       , Gg          , Gg          , Gg          , Gg          , Gg          , Gg          , Gg          , Gg          , Gg          , Gg          , Gs^Fds      , Gg          , Gg          
Gg          , Gg          , Gg          , Gg          , Gg          , Gg          , Gg          , Re          , Gg          , Gg          , Gg          , Gg          , Gg          , Gg          , Gg          , Gg          , Gg          , Gg          , Gg          , Gg          , Gg          , Gg          , Re          , Re          , Gg          , Gg          , Gg          , Gg          , Ww          , Gg          , Gg          , Gg          , Gg          , Gg          , Gg          , Gg          , Gg          , Ce          , 4 Ket       , Ce          , Ww          , Gg          , Ww          , Ww          , Ww          , Ww          
Gg          , Gg          , Gg          , Gg          , Gg          , Gg          , Gg          , Re          , Gg          , Gg          , Gg          , Gg          , Gg          , Gg          , Gg          , Gg          , Gg          , Gg          , Gs^Fds      , Gg          , Re          , Re          , Gg          , Gg          , Gg          , Gg          , Ww          , Ww          , Ww          , Ww          , Ww          , Ww          , Ww          , Gg          , Gg          , Gg          , Ww          , Ww          , Ww          , Ww          , Hh^Fds      , Ww          , Hh^Fms      , Hh^Fms      , Hh^Fms      , Hh^Fms      
Gg          , Gg          , Gg          , Gg          , Gg          , Gg          , Gg          , Re          , Gg          , Gg          , Gg          , Gg          , Gg          , Gg          , Gg          , Gg          , Gg          , Gs^Fds      , Re          , Re          , Gg          , Gg          , Gg^Vh       , Gg          , Gg          , Ww          , Hh^Fds      , Ww          , Hh^Fds      , Gg          , Hh^Fds      , Ww          , Ww          , Ww          , Ww          , Ww          , Gg          , Ww          , Hh^Fds      , Hh^Fds      , Hh^Fds      , Hh^Fds      , Hh^Fds      , Hh^Fms      , Hh^Fms      , Hh^Fms      
Gs^Fds      , Gg          , Gg          , Gg          , Gg          , Gg          , Gg          , Re          , Gg          , Gg          , Gg          , Gg          , Gs^Fds      , Gg          , Gs^Fds      , Gg          , Re          , Re          , Gg          , Gg          , Gg          , Gg          , Gg          , Gg          , Ww          , Ww          , Hh^Fds      , Hh^Fds      , Hh^Fds      , Hh^Fds      , Hh^Fds      , Hh^Fms      , Hh^Fms      , Hh^Fms      , Hh^Fds      , Hh^Fds      , Hh^Fds      , Gg          , Hh^Fds      , Hh^Fds      , Hh^Fds      , Hh^Fds      , Hh          , Hh^Fms      , Hh^Fms      , Hh^Fms      
Gs^Fds      , Gs^Fds      , Gg          , Gg          , Gg          , Gg          , Gg          , Re          , Gg          , Gg          , Gg          , Gg          , Gg          , Gg          , Re          , Re          , Gg          , Gg          , Gg          , Gg^Vh       , Gg          , Gs^Fds      , Ww          , Ww          , Hh^Fds      , Hh^Fds      , Hh          , Hh          , Hh^Fds      , Hh^Fds      , Hh^Fds      , Hh^Fms      , Hh^Fms      , Hh^Fds      , Hh^Fds      , Hh^Fds      , Hh^Fds      , Hh^Fds      , Hh^Fds      , Hh^Fds      , Hh^Fds      , Hh          , Ke          , Hh          , Hh          , Hh^Fms      
Gs^Fds      , Gs^Fds      , Gg          , Gg          , Gg          , Gg          , Gg          , Re          , Gg          , Gg          , Gg          , Gg          , Re          , Re          , Gg          , Gg          , Gg          , Gs^Fds      , Gg          , Gg          , Ww          , Ww          , Gg          , Gg          , Hh^Fds      , Hh^Fds      , Hh^Fds      , Hh^Fds      , Hh^Fds      , Hh          , Hh^Fds      , Hh^Fms      , Hh^Fms      , Hh^Fds      , Hh^Fds      , Hh^Fds      , Hh          , Hh^Fds      , Hh^Fms      , Hh^Fds      , Hh^Fds      , Hh          , Ce          , Ce          , Hh^Fms      , Hh^Fms      
Gs^Fds      , Gg          , Gg          , Gg          , Gg          , Gg          , Gg          , Re          , Gg          , Gg          , Re          , Re          , Gg          , Gg          , Gg          , Gs^Fds      , Gg          , Gg          , Ww          , Ww          , Hh^Fds      , Ww          , Hh^Fds      , Gs^Fds      , Hh^Fds      , Hh^Fds      , Hh^Fds      , Hh^Fds      , Hh^Fds      , Hh          , Hh^Fds      , Hh^Fds      , Hh          , Hh^Fds      , Hh          , Hh          , Hh^Fds      , Hh^Fds      , Hh^Fmw      , Hh^Fmw      , 6 Hh        , Hh^Fms      , Hh          , Hh^Fmw      , Hh^Fmw      , Hh^Fms      
Gs^Fds      , Gs^Fds      , Gs^Fds      , Gs^Fds      , Gs^Fds      , Gg          , Gg          , Re          , Re          , Re          , Gg          , Gg          , Gg          , Gg          , Ww          , Ww          , Ww          , Ww          , Gs^Fds      , Hh^Fds      , Hh^Fds      , Ww          , Hh^Fds      , Hh          , Hh^Fmw      , Hh^Fds      , Hh^Fds      , Hh          , Hh^Fds      , Hh^Fds      , Hh^Fds      , Hh^Fds      , Hh          , Hh^Fms      , Hh^Fms      , Hh^Fds      , Hh^Fms      , Hh^Fmw      , Hh          , Hh          , Hh^Fmw      , Hh          , Hh^Fmw      , Hh^Fmw      , Hh^Fmw      , Hh^Fmw      
Gs^Fds      , Gs^Fds      , Gs^Fds      , Gs^Fds      , Gs^Fds      , Gg          , Re          , Re          , Gg          , Gg          , Gs^Fds      , Gg          , Ww          , Ww          , Hh^Fds      , Gg          , Gs^Fds      , Gs^Fds      , Hh^Fmw      , Hh^Fds      , Hh          , Ww          , Ww          , Hh^Fds      , Hh          , Hh^Fmw      , Hh^Fmw      , Gs^Fds      , Hh^Fds      , Hh^Fds      , Hh          , Hh^Fds      , Hh^Fds      , Hh^Fms      , Hh^Fmw      , Hh^Fmw      , Hh          , Hh^Fmw      , Hh^Fp       , Hh^Fp       , Hh^Fp       , Hh^Fmw      , Hh^Fmw      , Hh          , Hh^Fp       , Hh^Fmw      
Gg          , Gg          , Gg          , Gs^Fds      , Gg          , Re          , Gs^Fds      , Gg          , Gg^Vh       , Gg          , Gg          , Ww          , Hh^Fds      , Hh^Fds      , Hh^Fds      , Hh^Fds      , Hh^Fds      , Hh^Fmw      , Hh          , Hh          , Hh^Fds      , Hh^Fds      , Ww          , Hh^Fds      , Hh^Fmw      , Hh^Fmw      , Hh^Fmw      , Hh^Fmw      , Hh^Fmw      , Hh          , Hh          , Hh          , Hh          , Hh^Fmw      , Hh          , Hh^Fmw      , Hh^Fmw      , Hh          , Hh^Fmw      , Hh^Fmw      , Hh          , Hh^Fmw      , Hh          , Hh^Fp       , Hh^Fp       , Hh^Fmw      
Gs^Fds      , Gs^Fds      , Gs^Fds      , Gg          , Gg          , Re          , Gs^Fds      , Gg          , Gg          , Gg          , Ww          , Ww          , Ww          , Ww          , Hh^Fds      , Hh^Fds      , Hh^Fds      , Hh^Fmw      , Hh          , Hh^Fmw      , Hh          , Hh          , Ww          , Hh^Fp       , Hh^Fms      , Hh^Fmw      , Hh^Fmw      , Hh^Fmw      , Hh          , Hh          , Hh          , Hh          , Hh^Fmw      , Hh          , Hh^Fmw      , Hh^Fp       , Hh^Fp       , Hh^Fmw      , Hh^Fmw      , Hh^Fmw      , Hh^Fmw      , Hh^Fmw      , Hh^Fp       , Hh          , Hh^Fp       , Hh^Fmw      
Gs^Fds      , Gs^Fds      , Gs^Fds      , Gg          , Gg          , Re          , Gg          , Gg          , Gg          , Ww          , Gg          , Gg          , Hh^Fds      , Ww          , Hh^Fds      , Hh^Fds      , Hh^Fds      , Hh^Fmw      , Hh          , Hh          , Hh          , Hh          , Hh          , Ww          , Ww          , Hh^Fmw      , Ww          , Hh          , Hh^Fmw      , Md          , Md          , Hh          , Hh^Fmw      , Hh^Fmw      , Hh^Fp       , Hh^Fmw      , Hh^Fmw      , Hh^Fmw      , Hh^Fmw      , Hh^Fmw      , Hh^Fmw      , Hh^Fp       , Hh^Fp       , Hh^Fmw      , Hh^Fmw      , Hh^Fmw      
Gg          , Gs^Fds      , Gg^Vh       , Gg          , Gs^Fds      , Re          , Gg          , Gg          , Ww          , Ww          , Gg          , Gs^Fds      , Gg          , Hh^Fds      , Hh^Fds      , Hh^Fds      , Hh^Fds      , Hh^Fmw      , Hh          , Hh^Fmw      , Hh^Fp       , Hh          , Hh^Fmw      , Hh^Fms      , Hh^Fms      , Ww          , Ww          , Ww          , Ww          , Md          , Md          , Md          , Hh^Fmw      , Hh^Fmw      , Hh^Fp       , Hh^Fmw      , Hh^Fmw      , Hh^Fmw      , Mm          , Mm          , Hh^Fmw      , Hh^Fmw      , Ww          , Hh^Vhh      , Hh^Fmw      , Gg          
Gg          , Gg          , Gg          , Gg          , Gg^Vh       , Re          , Gg          , Gg          , Ww          , Ww          , Gg          , Gg          , Gg          , Hh^Fds      , Hh          , Hh          , Hh^Fds      , Hh^Fmw      , Hh^Fmw      , Hh^Fp       , Hh^Fms      , Hh^Fmw      , Hh^Fmw      , Hh^Fms      , Hh^Fmw      , Ww          , Ww          , Ww          , Mm          , Mm          , Mm          , Mm          , Hh^Fp       , Hh^Fp       , Mm          , Hh          , Hh^Fmw      , Hh^Fmw      , Mm          , Mm          , Hh^Fmw      , Hh^Fmw      , Mm          , Ww          , Ww          , Hh^Fmw      
Ww          , Ww          , Ww          , Gg          , Gg          , Re          , Ce          , Ce          , Ww          , Ww          , Gs^Fds      , Gg^Vh       , Gg          , Gg          , Hh^Fds      , Hh^Fds      , Hh^Fds      , Hh          , Hh^Fp       , Hh^Fp       , Hh^Fmw      , Hh^Fmw      , Hh^Fms      , Hh^Fms      , Hh^Fmw      , Md          , Md          , Mm          , Mm          , Mm          , Md          , Hh^Fmw      , Hh^Fp       , Hh          , Mm          , Mm          , Hh^Fmw      , Mm          , Hh          , Hh^Fmw      , Hh          , Hh          , Mm          , Ww          , Mm          , Mm          
Gg          , Gg          , Gg          , Ww          , Ww^Bw/      , Re          , Ce          , 2 Ke        , Ww          , Ww          , Gg          , Gg          , Gg          , Hh^Fds      , Hh^Fds      , Hh^Fds      , Hh^Fms      , Hh^Fmw      , Hh^Fp       , Hh^Fmw      , Hh^Fmw      , Hh^Fmw      , Hh^Fp       , Hh^Fp       , Hh^Fp       , Hh^Fms      , Hh^Fmw      , Hh^Fp       , Hh^Fp       , Hh^Fmw      , Hh^Fp       , Hh^Fp       , Hh^Fmw      , Mm          , Hh^Fmw      , Hh^Fmw      , Hh          , Hh          , Hh^Fmw      , 1 Hh^Fmw    , Hh          , Hh          , Mm          , Mm          , Hh^Fmw      , Hh^Fmw      
Gg          , Gg          , Gg          , Re          , Gg          , Ww          , Ww          , Ce          , Ww          , Ww          , Gg          , Gg          , Gg          , Hh^Fds      , Hh^Fds      , Hh^Fmw      , Hh^Fmw      , Hh^Fmw      , Hh^Fmw      , Hh^Fmw      , Hh^Fms      , Hh^Fp       , Hh^Fp       , Hh^Fmw      , Hh^Fmw      , Hh^Fp       , Mm          , Hh^Fmw      , Mm          , Hh^Fp       , Hh^Fmw      , Hh^Fmw      , Hh^Fmw      , Hh          , Hh^Fmw      , Hh          , Hh^Fmw      , Hh^Fmw      , Hh^Fmw      , Hh^Fmw      , Hh          , Hh^Fmw      , Mm          , Mm          , Mm          , Hh^Fmw      
Gg          , Gg          , Gs^Fds      , Re          , Re          , Gg          , Gg          , Ww          , Gg          , Gg          , Gg          , Gg          , Gg          , Gg          , Hh^Fds      , Hh^Fds      , Hh          , Hh^Fmw      , Hh^Fmw      , Hh^Fmw      , Hh^Fmw      , Hh^Fp       , Hh^Fp       , Hh^Fmw      , Hh^Fmw      , Mm          , Hh^Fmw      , Mm          , Mm          , Mm          , Mm          , Mm          , Hh^Fmw      , Hh^Fmw      , Hh^Fmw      , Hh          , Mm          , Mm          , Hh^Fmw      , Hh^Fmw      , Hh^Fmw      , Hh^Fmw      , Hh^Fmw      , Mm          , Mm          , Gg          
Gg          , Gs^Fds      , Gs^Fds      , Gs^Fds      , Re          , Gg          , Gg          , Gg          , Gg          , Gg          , Gg          , Gg          , Hh^Fds      , Gg          , Hh^Fds      , Hh^Fds      , Hh^Fds      , Hh          , Hh          , Hh          , Hh          , Hh^Fp       , Hh^Fmw      , Hh^Fmw      , Mm          , Mm          , Hh^Fmw      , Mm          , Mm          , Mm          , Hh^Fmw      , Hh^Fmw      , Hh^Fms      , Hh^Fmw      , Mm          , Mm          , Mm          , Hh^Fmw      , Hh          , Hh^Fmw      , Mm          , Mm          , Hh^Fmw      , Hh^Fmw      , Mm          , Hh^Fmw      
Gg          , Gs^Fds      , Gs^Fds      , Gg          , Re          , Gg          , Gg          , Gg          , Gg          , Gg          , Gg          , Hh^Fds      , Hh^Fds      , Hh^Fds      , Hh^Fds      , Hh^Fds      , Hh^Fds      , Hh^Fds      , Hh^Fms      , Hh          , Hh          , Hh^Fmw      , Hh^Fmw      , Hh^Fmw      , Mm          , Hh^Fmw      , Hh^Fmw      , Hh^Fmw      , Hh^Fms      , Hh^Fms      , Hh^Fms      , Hh^Fms      , Hh^Fmw      , Hh^Fmw      , Mm          , Mm          , Hh^Fmw      , Hh          , Hh^Fp       , Hh^Fmw      , Mm          , Mm          , Mm          , Hh^Fmw      , Hh^Fmw      , Hh^Fmw      
Gg          , Gg          , Gg          , Gg          , Re          , Gg          , Gg          , Gg          , Gg          , Gg          , Gg          , Gg          , Gg          , Hh^Fds      , Hh^Fds      , Hh^Fds      , Hh^Fds      , Hh          , Hh^Fmw      , Hh^Fp       , Hh          , Hh          , Hh          , Mm          , Hh^Fmw      , Hh^Fmw      , Hh^Fp       , Hh^Fp       , Hh^Fmw      , Hh^Fms      , Mm          , Hh^Fmw      , Hh^Fmw      , Hh^Fmw      , Hh          , Hh          , Hh^Fmw      , Hh          , Hh^Fp       , Hh^Fmw      , Mm          , Mm          , Hh^Fmw      , Hh^Fmw      , Hh^Fmw      , Hh^Fmw      
Gs^Fds      , Gs^Fds      , Gs^Fds      , Gg          , Re          , Gg          , Gg          , Gg          , Gg          , Gg          , Gg          , Gg          , Gg          , Gg          , Gg          , Hh^Fds      , Hh^Fmw      , Hh^Fmw      , Hh^Fp       , Hh^Fp       , Hh          , Hh          , Hh          , Hh^Fmw      , Hh          , Hh^Fmw      , Hh^Fmw      , Hh^Fp       , Mm          , Mm          , Hh^Fmw      , Mm          , Hh^Fmw      , Hh^Fmw      , Hh^Fmw      , Hh          , Hh^Fmw      , Hh^Fp       , Hh          , Hh^Fmw      , Hh^Fmw      , Hh^Fmw      , Hh          , Hh          , Hh^Fmw      , Hh^Fmw      
Gs^Fds      , Gs^Fds      , Gs^Fds      , Gg          , Re          , Gg          , Gg          , Gg          , Gg          , Gg          , Gg          , Gg          , Gg          , Gg          , Gg          , Hh^Fmw      , Hh^Fmw      , Hh^Fp       , Hh^Fmw      , Hh          , Hh          , Hh          , Hh^Fmw      , Hh          , Hh^Fmw      , Hh^Fmw      , Hh^Fmw      , Mm          , Hh^Fmw      , Hh^Fmw      , Hh^Fmw      , Hh^Fmw      , Hh^Fmw      , Hh^Fmw      , Hh^Fp       , Hh^Fmw      , Hh^Fmw      , Hh^Fp       , Hh^Fmw      , Hh          , Hh^Fmw      , Hh^Fmw      , Hh          , Hh^Fp       , Hh^Fmw      , Hh^Fmw      
Gg          , Gs^Fds      , Gg          , Gg          , Re          , Gg          , Gg          , Gg          , Gg          , Gg          , Gg          , Gg          , Gg          , Gg          , Gg          , Hh^Fmw      , Hh^Fmw      , Hh^Fmw      , Hh^Fmw      , Hh^Fmw      , Gg          , Hh^Fmw      , Hh^Fmw      , Hh^Fmw      , Hh^Fmw      , Hh^Fmw      , Hh^Fmw      , Hh^Fmw      , Hh^Fmw      , Hh^Fmw      , Hh^Fmw      , Hh^Fmw      , Hh^Fmw      , Hh^Fmw      , Hh^Fmw      , Hh^Fmw      , Hh^Fmw      , Hh^Fmw      , Hh^Fmw      , Hh^Fmw      , Hh^Fmw      , Hh^Fmw      , Hh^Fmw      , Hh^Fmw      , Hh^Fmw      , Hh^Fmw      
