border_size=1
usage=map

Ms          , Ms          , Ms          , Ms          , Ms          , Ms          , Mm          , Mm          , Mm          , Hh          , Hh          , Hh          , Hh^Fp       , Hh          , Hh          , Hh          , Md          , Hh          , Hh          , Hh^Fp       , Hh^Fp       , Gs^Fms      , Gs^Fms      , Re          , Hh^Fp       , Hh^Fp       , Md          , Md          , Md          , Hh          , Hh          , Hh          , Hh^Fp       , Hh^Fp       , Hh^Fp       , Hh          , Hh          , Hh^Fp       , Hh^Fp       , Hh^Fp       , Hh^Fp       , Hh          , Hh^Fms      , Hh^Fms      , Gg          , Re          , Gg          , Ww          , Ww          , Gg          , Hh^Fp       , Hh          , Hh^Fds      , Hh^Fds      , Hh^Fds      , Hh          , Hh          , Hh^Fds      , Hh          , Hh          , Hh          , Gg          , Gg          , Gg          , Gg          
Ms          , Ms          , Ms          , Ms          , Ms          , Ms          , Ms          , Mm          , Mm          , Hh^Fp       , Hh^Fp       , Hh          , Hh          , Hh^Fp       , Hh          , Md          , Hh          , Hh          , Hh^Fp       , Hh^Fp       , Hh^Fp       , Gs^Fms      , Gs          , Re          , Hh^Fp       , Hh^Fp       , Md          , Md          , Hh          , Hh          , Hh^Fp       , Hh          , Hh          , Hh^Fp       , Hh^Fp       , Hh^Fms      , Hh^Fms      , Hh^Fms      , Hh^Fms      , Hh          , Hh^Fms      , Hh^Fms      , Hh^Fp       , Hh          , Gs^Fms      , Gg          , Gs^Fms      , Ww          , Ww          , Hh^Fp       , Hh          , Hh          , Hh          , Hh^Fds      , Hh          , Hh          , Hh          , Hh          , Hh^Fds      , Hh^Fds      , Hh^Fp       , Hh          , Gg          , Gg          , Gg          
Ms          , Ms          , Ms          , Ms          , Ms          , Ms          , Mm          , Mm          , Wo          , Ww          , Ww          , Hh^Fp       , Hh^Fp       , Hh          , Hh          , Hh^Fp       , Hh^Fp       , Mm          , Mm          , Mm          , Gs^Fms      , Hh^Fp       , Gs^Fms      , Re          , Re          , Gs^Fms      , Gs^Fms      , Hh          , Gs^Fms      , Hh^Fp       , Hh^Fp       , Hh^Fp       , Hh^Fp       , Hh          , Hh^Fms      , Hh^Fms      , Hh          , Hh^Fms      , Hh^Fms      , Hh^Fms      , Hh^Fms      , Hh^Fp       , Hh          , Hh          , Gg          , Gs^Fms      , Ww          , Gs^Fms      , Ww          , Hh^Fp       , Hh^Fp       , Hh^Fds      , Hh^Fds      , Hh          , Hh^Fp       , Hh          , Gg          , Hh          , Gg          , Hh          , Hh^Fds      , Hh          , Gg          , Gg          , Re          
Mm          , Ms          , Ms          , Ms          , Ww          , Ww          , Mm          , Mm          , Wo          , Wo          , Wo          , Ww          , Ww          , Hh^Fp       , Hh^Fp       , Hh^Fp       , Mm          , Mm          , Mm          , Mm          , Hh          , Hh^Fp       , Hh^Fp       , Gg          , Gg          , Re          , Re          , Gs^Fms      , Gs^Fms      , Hh^Fp       , Hh^Fp       , Hh          , Hh          , Hh^Fp       , Hh^Fms      , Hh^Fp       , Hh^Fms      , Hh          , Hh^Fp       , Hh^Fp       , Hh^Fms      , Hh^Fms      , Hh^Fms      , Gg          , Gs^Vh       , Gs^Fms      , Gs^Fms      , Ww          , Gs^Fms      , Hh          , Hh          , Hh^Fds      , Gg          , Hh          , Hh^Fp       , Hh^Fp       , Gg          , Gg          , Gg          , Gg          , Gg          , Gg          , Re          , Re          , Gg          
Mm          , Ms          , Mm          , Ms          , Ms          , Ww          , Wo          , Mm          , Wo          , Wo          , Wo          , Wo          , Ww          , Hh^Fp       , Hh          , Hh^Fp       , Ww          , Ww          , Ww          , Hh^Fp       , Hh^Fp       , Gs^Fms      , Gs^Fms      , Gg          , Gs^Fms      , Gs          , Re          , Hh^Fp       , Gs^Fms      , Gs^Fms      , Hh          , Hh          , Hh          , Hh^Fms      , Hh^Fms      , Hh^Fp       , Hh^Fms      , Hh          , Hh          , Hh^Fms      , Gs^Fms      , Gg          , Gg          , Gg          , Gg          , Gs^Fms      , Ww          , Ww          , Gs^Fms      , Gg          , Gg          , Gg          , Gg          , Gg          , Gg          , Gg          , Gg          , Gg          , Gg          , Gg          , Re          , Re          , Gs^Fds      , Gs^Fds      , Gg          
Mm          , Mm          , Mm          , Mm          , Mm          , Ww          , Wo          , Wo          , Wo          , Ww          , Ww          , Wo          , Ww          , Ww          , Hh          , Ww          , Wo          , Wo          , Ww          , Hh^Fp       , Hh          , Hh^Vhh      , Hh          , Gs^Fms      , Hh^Fms      , Gg          , Re          , Gg          , Gg          , Gs^Fms      , Hh^Fp       , Hh          , Hh          , Hh^Fms      , Hh          , Hh          , Gg          , Hh^Fms      , Gs^Fms      , Gs^Fms      , Gs^Fms      , Gs^Fms      , Gg          , Gg          , Ww          , Ww          , Gg          , Gs^Fms      , Gg          , Gs^Fms      , Gg          , Gg          , Gs^Fms      , Gg          , Gg          , Gg          , Gg          , Gg          , Gg          , Gg          , Re          , Gs^Fms      , Gg          , Gs^Fds      , Gg          
Ms          , Mm          , Ms          , Mm          , Mm          , Ww          , Ww          , Ww          , Ww          , Mm          , Mm          , Ww          , Hh          , Hh          , Hh^Fp       , Ww          , Ww          , Wo          , Ww          , Ww          , Hh          , Hh          , Hh^Fp       , Gs^Fms      , Hh^Fms      , Gg          , Re          , Gg          , Gg          , Hh^Fp       , Hh          , Hh          , Gg          , Gg          , Gs^Fms      , Hh^Fms      , Hh^Fms      , Gg          , Gg          , Gs^Fms      , Gg          , Gg          , Ww          , Ww          , Gg          , Gg          , Gg          , Gs^Fms      , Gs^Fms      , Gg          , Gg          , Gs^Fds      , Gs^Fds      , Gs^Fds      , Re          , Gg          , Gg          , Gg          , Gg          , Gg          , Re          , Gg          , Chr         , Chr         , Gg          
Ms          , Ms          , Ms          , Ms          , Ww          , Ww          , Mm          , Mm          , Mm          , Mm          , Mm          , Ww          , Ww          , Hh          , Ww          , Ww          , Mm          , Ww          , Hh          , Gs^Fms      , Hh^Fp       , Hh          , Hh          , Hh^Fp       , Hh^Fp       , Gs          , Re          , Hh^Fms      , Gg          , Gg          , Hh^Fp       , Hh^Fp       , Hh          , Gg          , Gg          , Gs^Fms      , Gs^Fms      , Gg          , Gs^Fms      , Gg          , Ww          , Ww          , Gg^Efm      , Gg^Efm      , Gg          , Gg          , Gs^Vh       , Gg          , Gg          , Gg          , Gg          , Gg          , Re          , Re          , Gg          , Re          , Re          , Gg          , Re          , Re          , Gg          , Chr         , 2 Khr       , Chr         , Gg          
Mm          , Mm          , Mm          , Ms          , Mm          , Mm          , Mm          , Mm          , Mm          , Mm          , Hh          , Hh          , Gg          , Ww          , Mm          , Mm          , Chr         , Ww          , Ww          , Hh          , Hh          , Hh          , Gg          , Gs^Fms      , Hh^Fp       , Gg          , Gg          , Re          , Re          , Gg          , Gg          , Hh^Fms      , Gg          , Gg          , Hh          , Hh          , Hh          , Gs^Fms      , Ww          , Ww          , Ww          , Gg          , Gg          , Gg          , Gg          , Gg          , Gg          , Gg          , Gg          , Gg          , Re          , Re          , Gs^Fds      , Gs^Fds      , Gg          , Gg          , Gg          , Re          , Gg          , Gg          , Hh          , Chr         , Gs^Fds      , Hh          , Hh          
Mm          , Mm          , Mm          , Mm          , Mm          , Hh          , Hh          , Hh^Fp       , Hh^Fp       , Hh^Fp       , Hh^Fp       , Gg          , Hh^Fp       , Hh^Fp       , 3 Khr       , Chr         , Hh          , Hh          , Gg          , Ww          , Ww          , Ww          , Gg          , Hh^Fp       , Hh          , Hh          , Hh^Fms      , Hh          , Hh          , Re          , Re          , Gg          , Gg          , Gg          , Hh^Fms      , Hh^Fp       , Gg          , Gg          , Ww          , Ww          , Gg^Efm      , Gs^Fms      , Gg          , Gg          , Gs^Vh       , Gg          , Gg          , Gg          , Re          , Re          , Gg          , Gs^Fms      , Gg          , Gs^Fds      , Gg          , Gg          , Gg          , Gg          , Gg          , Hh          , Hh          , Gs^Fms      , Gs^Fms      , Gs^Fds      , Hh          
Mm          , Mm          , Mm          , Mm          , Mm          , Hh          , Hh^Fp       , Hh          , Mm          , Hh^Fp       , Mm          , Hh^Fp       , Mm          , Mm          , Hh^Fp       , Chr         , Hh^Fp       , Gg          , Gg          , Gg          , Ww          , Ww          , Gg          , Gg          , Gg          , Gg          , Gg          , Gg          , Hh          , Hh          , Hh          , Re          , Re          , Hh          , Ww          , Hh^Fms      , Ww          , Ww          , Ww          , Gg          , Gg          , Gg          , Gg          , Gg          , Gg          , Gg          , Re          , Re          , Gg          , Gg          , Gg          , Gg          , Gg          , Gg          , Gg          , Gg          , Gg          , Gg          , Gs^Fms      , Hh          , Hh^Fp       , Gs^Fds      , Hh          , Hh          , Md          
Hh          , Mm          , Hh          , Mm          , Hh          , Hh          , Hh^Fp       , Hh          , Hh          , Mm          , Hh          , Hh          , Mm          , Mm          , Hh          , Hh          , Hh^Fp       , Gg          , Gg^Efm      , Gg          , Ww          , Gg          , Gg          , Gg^Efm      , Gs^Vh       , Gg^Efm      , Gg          , Hh^Fms      , Hh^Fms      , Hh          , Gg          , Gg          , Gg          , Re          , Ww^Bw\      , Ww          , Gg          , Ww          , Gg          , Gg^Efm      , Gg^Efm      , Gg          , Gg          , Gg          , Re          , Re          , Gg          , Gg          , Gg          , Gg          , Gg          , Gg          , Gg          , Gg          , Gs^Fms      , Gs^Fms      , Gg          , Gg          , Gg          , Hh          , Hh          , Hh^Fp       , Gg          , Md          , Md          
Hh          , Hh^Fp       , Hh^Fp       , Hh          , Hh^Fp       , Hh^Fp       , Hh          , Hh          , Hh^Fp       , Hh^Fp       , Hh^Fp       , Hh          , Mm          , Hh^Fp       , Hh^Fp       , Hh^Fms      , Hh^Fp       , Hh          , Gg          , Gg^Efm      , Gg          , Ww          , Ww          , Gg^Efm      , Gg          , Gg          , Gg^Efm      , Hh          , Gg^Efm      , Gg          , Gg          , Gg          , Ww          , Ww          , Gg          , Re          , Re          , Gg          , Gg          , Gg^Efm      , Gg          , Gg          , Re          , Re          , Gg          , Gg          , Gg          , Gg          , Gg          , Gg          , Hh          , Gg          , Gs^Fds      , Hh          , Gg          , Gs^Fms      , Gs^Fms      , Gg          , Gg          , Gg          , Gs^Fms      , Hh^Fp       , Hh          , Md          , Gg          
Hh          , Hh^Fp       , Hh^Fp       , Hh^Fp       , Hh^Fp       , Hh^Fp       , Hh          , Hh^Fp       , Hh^Fp       , Hh          , Hh          , Mm          , Mm          , Hh^Fp       , Hh^Fp       , Hh          , Hh          , Gg          , Gg          , Gg          , Gg          , Gg          , Gg          , Ww          , Ww          , Gg          , Gg          , Gg          , Gg          , Gg^Efm      , Ww          , Ww          , Gg^Efm      , Gg^Efm      , Gs^Fds      , Gg          , Gg          , Re          , Re          , Gg          , Re          , Re          , Gg          , Re          , Re          , Gs^Fms      , Hh          , Gs^Fms      , Gg          , Hh          , Hh          , Gs^Fms      , Gs^Fms      , Gs^Fds      , Hh^Fp       , Gg          , Gs^Fms      , Gs^Fms      , Gg          , Gg          , Gg          , Gs^Fms      , Gg          , Gg          , Gs^Fms      
Md          , Hh          , Hh          , Hh^Fp       , Hh          , Hh          , Md          , Hh          , Hh          , Hh          , Mm          , Mm          , Mm          , Hh          , Hh^Fp       , Hh          , Hh          , Gg          , Gg          , Gg          , Gg          , Gg          , Gg          , Gg          , Ww          , Ww          , Ww          , Gg^Efm      , Ww          , Ww          , Gg          , Ww          , Gg^Efm      , Gs^Fds      , Gg          , Gs^Fms      , Gg          , Gg          , Gg          , Re          , Gg          , Gg          , Gg          , Gg          , Gg          , Re          , Re          , Gs^Fms      , Gs^Fms      , Hh          , Hh^Fp       , Gs^Fds      , Hh          , Mm          , Hh^Fp       , Hh^Fp       , Gs^Fms      , Gs^Fms      , Gs^Fms      , Gg          , Gg          , Gg          , Gg          , Gs^Fms      , Gg          
Md          , Md          , Md          , Hh          , Hh          , Hh          , Hh          , Md          , Mm          , Mm          , Mm          , Mm          , Mm          , Mm          , Mm          , Hh          , Hh          , Gg          , Gg          , Gg          , Gg          , Gg          , Gs^Vh       , Gg          , Gg          , Ww          , Ww          , Ww          , Ww          , Gg          , Ww          , Ww          , Gg          , Gg          , Gg^Efm      , Gg          , Gg          , Gg          , Gg          , Re          , Gg          , Gg          , Gg          , Gs^Fms      , Gg          , Gg          , Gg          , Re          , Re          , Hh          , Hh          , Hh^Fp       , Mm          , Mm          , Md          , Hh^Fp       , Gs^Fms      , Hh^Fp       , Hh^Fp       , Hh^Fp       , Gs^Fms      , Gg          , Hh^Fp       , Hh^Fp       , Hh^Fp       
Hh          , Md          , Hh          , Hh          , Hh          , Md          , Md          , Md          , Mm          , Mm          , Mm          , Mm          , Mm          , Mm          , Mm          , Hh          , Hh^Fp       , Hh^Fms      , Hh^Fms      , Gg          , Gg          , Gg          , Gg          , Gg          , Gs^Fms      , Gg^Efm      , Gs^Fms      , Gg          , Ww          , Ww          , Gg          , Ww          , Gg^Efm      , Gs^Vh       , Gg          , Gg          , Gg          , Gg          , Gg          , Re          , Gg          , Gg          , Gg          , Gg          , Gg          , Hh^Fp       , Hh^Fp       , Gg          , Gg          , Re          , Re          , Hh^Fp       , Hh          , Md          , Hh^Fp       , Hh^Fp       , Gs^Fms      , Hh^Fp       , Gg          , Hh^Fp       , Hh^Fp       , Gg          , Hh^Fp       , Hh^Fp       , Gg          
Md          , Md          , Hh          , Hh          , Hh^Fms      , Md          , Hh          , Hh^Fp       , Hh^Fp       , Mm          , Mm          , Mm          , Mm          , Mm          , Mm          , Hh          , Hh^Fp       , Hh^Fp       , Hh          , Gg          , Gg          , Gg          , Gg          , Gg          , Gs^Fms      , Gs^Fms      , Gs^Fms      , Gs^Fms      , Ww          , Gg          , Gg          , Ww          , Ww          , Gg          , Gg          , Gg          , Gg          , Gg          , Gg          , Re          , Gg          , Gg          , Gg          , Gg          , Hh          , Gg          , Hh          , Gg          , Hh          , Hh          , Gg          , Re          , Re          , Hh          , Hh^Fp       , Gs^Fms      , Gs^Fms      , Gg          , Gg          , Gg          , Hh^Fp       , Hh^Fp       , Gs^Fms      , Gg          , Gs^Fms      
Hh          , Hh          , Hh          , Hh^Fms      , Hh          , Hh          , Hh          , Hh          , Hh^Fp       , Hh^Fp       , Hh          , Mm          , Mm          , Mm          , Mm          , Hh          , Hh^Fp       , Hh          , Hh          , Gs^Fms      , Gs^Fms      , Gg          , Gs^Vh       , Gg          , Gg          , Gs^Fms      , Gg          , Gg          , Gg          , Ww          , Ww          , Gg          , Ww          , Gg          , Gg          , Gg          , Gg          , Gg          , Gg          , Re          , Gg          , Gg          , Gg          , Hh          , Hh^Fp       , Hh^Fp       , Hh          , Hh          , Hh          , Hh          , Hh          , Gg          , Hh          , Re          , Re          , Gs^Fms      , Gg          , Gg          , Gs^Fms      , Gs^Fms      , Hh^Fp       , Hh^Fp       , Gs^Fms      , Gs^Fms      , Gg          
Hh          , Hh          , Hh^Fp       , Hh^Fp       , Hh          , Hh          , Hh          , Hh          , Hh          , Hh          , Hh^Fp       , Hh          , Hh^Fms      , Mm          , Hh          , Hh          , Hh          , Hh^Fms      , Hh^Fms      , Gs^Fms      , Gg          , Gg          , Gg          , Gg          , Gg          , Gg          , Gg          , Gg          , Gg^Efm      , Gg^Efm      , Gs^Fms      , Ww          , Ww          , Gg^Efm      , Gg          , Gs^Fms      , Gs^Fms      , Gg          , Gg          , Re          , Gg          , Gg          , Gg          , Gg          , Hh^Fp       , Hh          , Hh          , Hh          , Mm          , Mm          , Mm          , Hh          , Hh          , Hh          , Hh          , Re          , Re          , Gg          , Gg          , Hh^Fp       , Hh^Fp       , Gg          , Hh^Fp       , Gs^Fms      , Gs^Fms      
Hh          , Hh          , Hh          , Hh^Fp       , Hh          , Hh          , Gg          , Hh^Fp       , Hh^Fp       , Hh          , Hh          , Gg          , Gg          , Hh^Fms      , Gs^Fms      , Hh          , Hh          , Hh          , Hh^Fms      , Hh^Fms      , Gg          , Gg          , Gg          , Gg          , Gg          , Gg          , Gg          , Gg          , Gg          , Gg^Efm      , Gg          , Gs^Fms      , Gg          , Ww          , Ww          , Gs^Fms      , Gs^Fms      , Gg          , Gg          , Re          , Gg          , Gg          , Gg          , Gg          , Hh^Fms      , Hh          , Hh          , Mm          , Mm          , Mm          , Mm          , Mm          , Hh          , Hh          , Hh          , Gg          , Gs^Fms      , Re          , Re          , Hh^Fp       , Hh^Fp       , Hh^Fp       , Hh^Fp       , Hh^Fp       , Gg          
Hh          , Hh          , Ce          , Hh          , Hh          , Gg          , Gg          , Gg          , Gg          , Hh          , Hh          , Gg          , Hh^Fp       , Gs^Fms      , Gs^Fms      , Gs^Fms      , Gs^Fms      , Hh^Fp       , Gg          , Gg          , Gg          , Gg^Efm      , Gg          , Gg^Efm      , Gg          , Gg          , Gg          , Gg          , Gg          , Gg          , Gg          , Gs^Fms      , Gg          , Gg^Efm      , Gg          , Ww          , Gg          , Gg          , Gg          , Re          , Gg          , Gg          , Gg          , Hh^Fms      , Hh^Fms      , Mm          , Mm          , Mm          , Mm          , Mm          , Mm          , Mm          , Mm          , Hh          , Mm          , Gs^Fms      , Gs^Fms      , Gg          , Hh          , Re          , Re          , Hh^Fp       , Gs^Fms      , Gg          , Gg          
Hh          , Hh          , 6 Ke        , Ce          , Gg          , Gg          , Gg          , Gg          , Gg          , Gg          , Gg          , Gg          , Hh^Fms      , Hh          , Gs^Fms      , Gs^Fms      , Gs^Fms      , Gg          , Gs^Fms      , Gs^Fms      , Gg          , Gg^Efm      , Gg^Efm      , Gg          , Gg^Efm      , Gg          , Gg          , Gg          , Gg          , Gg          , Gg          , Gg          , 1 Gg        , Gg          , Ce          , Ww          , Gg          , Gg          , Gg          , Re          , Gg          , Gg          , Hh^Fms      , Hh^Fms      , Hh^Fds      , Mm          , Mm          , Mm          , Mm          , Hh^Fp       , Mm          , Mm          , Hh          , Mm          , Hh          , Hh          , Hh          , Hh          , Hh          , Hh          , Gs^Fms      , Re          , Re          , Gs^Fms      , Gg          
Hh          , Hh          , Ce          , Ce          , Gg          , Gg          , Gg          , Gg          , Gg          , Gg          , Gg          , Gg          , Gs^Fms      , Hh^Fms      , Gs^Fms      , Gg          , Gg          , Gs^Fms      , Gs^Fms      , Gs^Fms      , Gg^Efm      , Gg          , Gg          , Gg          , Gg^Efm      , Gg          , Gs^Fms      , Gs^Fms      , Gg          , Gg          , Gs^Fms      , Gg          , Gg          , Ce          , Ke          , Ww          , Gg          , Gg          , Gg          , Re          , Gg          , Gg          , Gg          , Hh^Fms      , Gg          , Hh^Fms      , Hh^Fds      , Mm          , Mm          , Mm          , Hh^Fp       , Hh^Fp       , Hh          , Hh          , Mm          , Hh          , Hh          , Hh          , Hh          , Hh          , Hh          , Gs^Fms      , Gs^Fms      , Re          , Re          
Hh          , Hh          , Hh          , Hh          , Hh          , Gg          , Gg          , Gg          , Gg          , Gg          , Gg          , Gg          , Gg          , Gs^Fms      , Gg          , Gg          , Gg          , Gs^Fms      , Gg          , Gg          , Gg^Efm      , Gg          , Gg^Efm      , Gg          , Gg          , Gg          , Gs^Fms      , Gg          , Gg          , Gg          , Gs^Fms      , Gg          , Gg          , Ce          , Ce          , Ww          , Gg          , Gg          , Gg          , Re          , Gg          , Gg          , Gg          , Gg          , Gg          , Hh^Fds      , Hh^Fp       , Mm          , Mm          , Mm          , Mm          , Hh^Fp       , Mm          , Mm          , Mm          , Mm          , Mm          , Hh          , Mm          , Mm          , Mm          , Gg          , Gg          , Gs^Fms      , Gs^Fms      
Md          , Hh          , Hh          , Hh          , Hh          , Hh          , Mm          , Gg          , Hh          , Gg          , Gg          , Gg          , Gg          , Gg          , Gg          , Gg          , Gg          , Gg          , Gg          , Gg          , Gg          , Gg          , Gs^Fds      , Gs^Fds      , Gs^Fms      , Gs^Fds      , Gs^Fds      , Gs^Fms      , Ww          , Gs^Fms      , Gg^Efm      , Gs^Fms      , Gg          , Gg          , Ww          , Ww          , Gg          , Gs^Vh       , Gg          , Re          , Gg          , Gg          , Gg          , Gg          , Gg          , Hh^Fds      , Mm          , Mm          , Mm          , Mm          , Mm          , Mm          , Hh          , Mm          , Mm          , Mm          , Mm          , Mm          , Mm          , Mm          , Mm          , Mm          , Mm          , Gs^Fms      , Gs^Fms      
Md          , Hh          , Gg          , Hh          , Mm          , Mm          , Mm          , Hh^Fp       , Hh^Fp       , Hh          , Hh^Fms      , Gg          , Gg          , Gg^Efm      , Gg          , Gg          , Gg          , Gg          , Gg          , Gg          , Gg          , Gg          , Gg          , Gs^Fms      , Gg^Efm      , Gg          , Gg          , Gg          , Ww          , Ww          , Ww          , Gg^Efm      , Ww          , Ww          , Gg          , Gg          , Gg          , Gg          , Gg          , Re          , Gg          , Gg          , Hh^Fms      , Gg          , Gg          , Hh          , Mm          , Mm          , Mm          , Mm          , Mm          , Mm          , Mm          , Mm          , Mm          , Mm          , Mm          , Mm          , Mm          , Mm          , Mm          , Mm          , Mm          , Gg          , Gg          
Gg          , Gg          , Gg          , Hh          , Hh^Fms      , Hh          , Hh          , Hh          , Hh          , Gg          , Gg          , Gg          , Gg          , Gg          , Gg          , Gg          , Gg          , Gg          , Gg          , Gg          , Gg          , Gg          , Gg          , Gg^Efm      , Gg          , Gg          , Ww          , Ww          , Gs^Fds      , Gg          , Gg          , Ww          , Gg          , Gg          , Gg          , Gg          , Gg          , Gg          , Re          , Re          , Gg          , Gg          , Hh^Fms      , Hh^Fms      , Hh^Fp       , Hh^Fds      , Hh          , Mm          , Hh^Fp       , Hh^Fp       , Hh          , Mm          , Mm          , Mm          , Mm          , Mm          , Mm          , Mm          , Mm          , Mm          , Mm          , Mm          , Mm          , Mm          , Mm          
Gg          , Gg          , Gg          , Gg          , Gg          , Hh          , Gg          , Gg          , Gg          , Gg          , Gg          , Gg          , Gg          , Gg          , Gg          , Gg          , Gg          , Gg          , Gg^Efm      , Gg          , Gg          , Gg          , Gs^Vh       , Gg^Efm      , Gg          , Ww          , Ww          , Gs^Fds      , Gg          , Gg          , Gs^Vh       , Gg          , Gg          , Gg          , Gg          , Gg          , Re          , Re          , Gg          , Gg          , Gg          , Gg          , Gg          , Gg          , Gg          , Hh          , Hh          , Hh^Fp       , Hh^Fp       , Hh          , Hh          , Hh          , Mm          , Mm          , Mm          , Mm          , Mm          , Mm          , Mm          , Mm          , Mm          , Mm          , Mm          , Mm          , Mm          
Md          , Gg          , Hh          , Gg          , Hh          , Gg          , Gg          , Gg          , Hh^Fds      , Gg          , Gg          , Gg          , Gs^Fms      , Gs^Fms      , Gs^Fms      , Gg          , Gg          , Gg          , Gg          , Gg          , Gg          , Gs^Fms      , Gs^Fms      , Gg          , Gg          , Ww          , Ww          , Gg          , Gg          , Gs^Fds      , Gg          , Gg          , Gg          , Gg          , Re          , Re          , Gg          , Gg          , Gg          , Gg          , Gg          , Gg          , Gg          , Hh^Fp       , Gg          , Gg          , Hh^Fp       , Hh^Fp       , Hh^Fms      , Hh          , Hh          , Hh^Fp       , Mm          , Mm          , Mm          , Mm          , Hh          , Mm          , Mm          , Mm          , Mm          , Mm          , Mm          , Mm          , Gg          
Hh          , Hh          , Hh^Fp       , Hh^Fms      , Mm          , Hh          , Hh^Fms      , Hh^Fms      , Hh          , Hh^Fds      , Gg          , Gs^Fms      , Gs^Fms      , Gg          , Hh^Fms      , Gs^Fms      , Gs^Fms      , Gg          , Gg          , Gg          , Gg          , Gs^Fds      , Gg          , Gg          , Gg          , Ww          , Ww          , Gs^Fms      , Gs^Fds      , Gs^Fds      , Gg          , Gg          , Re          , Re          , Gg          , Gg          , Gg          , Gg          , Gg          , Gg          , Gg          , Gg          , Gg          , Gg          , Gg          , Hh          , Hh^Fp       , Hh^Fp       , Gg          , Gg          , Hh          , Hh^Fp       , Hh          , Mm          , Hh          , Hh          , Hh          , Mm          , Mm          , Mm          , Hh          , Mm          , Mm          , Mm          , Gg          
Hh          , Hh^Fp       , Ww          , Ww          , Ww          , Mm          , Hh          , Hh^Vhh      , Hh          , Gg          , Gs^Fms      , Hh          , Hh^Fms      , Gg          , Hh          , Hh          , Gs^Fms      , Gg          , Gg          , Gg          , Gg^Efm      , Gg^Efm      , Gg^Efm      , Gg          , Ww          , Ww          , Gg          , Gs^Fds      , Gg          , Gg^Efm      , Gg          , Re          , Gg          , Gg          , Gg          , Gg          , Gs^Fms      , Gg          , Gg          , Gg          , Gg          , Gg          , Hh^Fp       , Hh          , Gg          , Hh          , Gg          , Gg          , Gg          , Gg          , Hh          , Hh          , Hh          , Hh          , Hh          , Hh          , Hh          , Hh          , Hh          , Hh          , Hh          , Hh          , Hh          , Hh          , Gg          
Hh          , Hh          , Hh^Fp       , Ww          , Ww          , Ww          , Hh^Fp       , Hh^Fp       , Hh          , Hh^Fds      , Hh^Fms      , Hh^Fp       , Hh          , Hh^Fms      , Hh^Fms      , Hh^Fms      , Gg          , Gs^Fms      , Gs^Fms      , Gg          , Gg          , Gg          , Gg          , Ww          , Ww          , Ww          , Gg          , Gg          , Gg^Efm      , Gg          , Gg^Efm      , Re          , Gg          , Gg          , Gg          , Gg          , Gg          , Gg          , Gg          , Gg          , Gg          , Gg          , Hh^Fp       , Gg          , Gg          , Gg          , Gg          , Gg          , Gg          , Hh          , Gg          , Hh          , Gg          , Hh          , Gg          , Hh          , Hh          , Hh          , Gg          , Hh          , Gg          , Hh          , Hh          , Hh          , Gg          
Hh          , Hh          , Mm          , Ww          , Ww          , Ww          , Mm          , Hh^Fp       , Hh          , Hh          , Hh^Fp       , Hh          , Hh^Fp       , Hh          , Hh          , Hh^Fp       , Gg          , Gs^Fms      , Gg          , Gg          , Gg^Efm      , Gg^Efm      , Gg          , Ww          , Gg^Efm      , Gg^Efm      , Gg          , Gg^Efm      , Gg          , Gg          , Gg          , Re          , Gg          , Gs^Fds      , Gg          , Gg          , Gs^Fms      , Gg          , Gs^Fms      , Gg          , Gg          , Gg          , Gg          , Gg          , Gg          , Gg          , Gg          , Gg          , Gg          , Gg          , Gg          , Gg          , Gg          , Gg          , Gg          , Gg          , Gg          , Gg          , Gg          , Gg          , Gg          , Gg          , Gg          , Hh          , Gg          
Hh          , Hh          , Hh^Fp       , Mm          , Mm          , Ww          , Mm          , Hh^Fms      , Hh^Fms      , Hh^Fms      , Hh          , Hh^Fp       , Hh          , Hh          , Gg          , Gg          , Gg          , Gg          , Gg          , Gg^Efm      , Gg          , Gg^Efm      , Ww          , Ww          , Gg          , Gg          , Gg          , Gs^Fms      , Gg^Efm      , Gg^Efm      , Gg          , Re          , Gg          , Gs^Fms      , Gg          , Gs^Fms      , Gs^Fds      , Gs^Fms      , Gs^Fms      , Gg          , Gg          , Gg          , Gg          , Gg          , Gg          , Gg          , Gg          , Gg          , Gg          , Gg          , Gs^Fms      , Gg          , Gg          , Gg          , Gg          , Gg          , Gg          , Gg          , Gg          , Gg          , Gg          , Gg          , Gg          , Gg          , Gg          
Hh^Fp       , Hh^Fp       , Hh^Fp       , Md          , Mm          , Md          , Md          , Mm          , Hh          , Hh          , Hh^Fp       , Hh          , Hh          , Hh          , Gg          , Gg          , Gg          , Gg          , Gg          , Gg          , Gs^Vh       , Gg          , Ww          , Gs^Fms      , Gg          , Gg^Efm      , Gg^Efm      , Gg^Efm      , Gg^Efm      , Gg^Efm      , Gg          , Re          , Gg          , Gg          , Gg          , Gg          , Gg          , Gs^Fds      , Gg          , Gs^Fms      , Gg          , Gg          , Gg          , Gg          , Gg          , Gg          , Gg          , Gg          , Gs^Fms      , Gs^Fms      , Gg          , Gs^Fms      , Gg          , Gg          , Gg          , Gg          , Gg          , Gg          , Gg          , Gg          , Hh          , Gg          , Gg          , Gg          , Gg          
Hh^Fp       , Hh^Fp       , Hh^Fp       , Mm          , Ww          , Mm          , Mm          , Hh          , Hh^Fp       , Hh^Fp       , Hh^Fms      , Hh^Fp       , Hh^Fp       , Hh          , Hh          , Gg          , Gg          , Gg          , Gg          , Gg^Efm      , Gs^Fms      , Gg          , Ww          , Gs^Fms      , Gg          , Gg          , Gg          , Gg          , Gg          , Gs^Fms      , Gg          , Re          , Gg          , Gg          , Gs^Fms      , Gg          , Gs^Fms      , Gs^Fms      , Gg          , Gg          , Hh          , Gg          , Hh          , Gg          , Gg          , Gg          , Gg          , Gg          , Gg          , Gs^Fms      , Gg          , Gg          , Gg          , Gg          , Gg          , Gg          , Gg          , Gg          , Gg          , Hh          , Hh          , Hh          , Hh          , Hh          , Hh          
Hh^Fp       , Hh^Fp       , Md          , Ww          , Ww          , Hh          , Hh          , Hh          , Hh^Fp       , Hh          , Hh^Fms      , Hh^Fp       , Hh          , Hh          , Hh          , Hh          , Gg          , Gg          , Gg          , Gs^Fms      , Gg          , Gg          , Ww          , Gg          , Gg          , Gs^Vh       , Gg          , Gg^Efm      , Gg          , Gg          , Gg          , Re          , Gg          , Gs^Fds      , Gg          , Gg          , Gg          , Gg          , Gg          , Gg          , Hh^Fp       , Hh^Fp       , Hh^Fms      , Gg          , Gg          , Gg          , Gg          , Gg          , Gg          , Gs^Fms      , Gg          , Gg          , Gg          , Gg          , Gg          , Gg          , Gg          , Gg          , Hh          , Hh          , Hh          , Hh          , Hh          , Hh          , Hh          
Hh^Fp       , Hh          , Md          , Md          , Md          , Hh^Fp       , Hh^Vhh      , Hh^Fp       , Hh^Fms      , Hh^Fms      , Hh          , Hh^Fms      , Hh          , Hh^Fp       , Hh^Fp       , Hh^Fp       , Gg          , Gg          , Gg          , Gs^Vh       , Gg          , Gg          , Gg          , Ww          , Gg          , Gg          , Gg          , Gg          , Gg          , Gg          , Gg          , Re          , Gg          , Gg          , Gg          , Gg          , Gg          , Gg          , Gg          , Gg          , Gg          , Hh^Fp       , Hh^Fp       , Gg          , Gg          , Gg          , Gs^Fms      , Gs^Fms      , Gs^Fms      , Gs^Fms      , Gs^Fms      , Gg          , Gg          , Gg          , Gg          , Gg          , Gg          , Gg          , Gg          , Hh          , Hh          , Hh          , Hh          , Hh          , Hh          
Hh^Fp       , Hh^Fp       , Hh          , Hh          , Hh          , Hh^Fp       , Hh^Fp       , Gs^Fms      , Hh^Fp       , Hh^Fms      , Hh^Fms      , Gg          , Hh^Fms      , Gs^Fms      , Gs^Fms      , Gg          , Gg          , Gg          , Gg          , Gg          , Gg          , Gg          , Ww          , Ww          , Ww          , Gg          , Gs^Fms      , Gg          , Gg          , Gg          , Gg          , Re          , Gg          , Gg          , Gg          , Gg          , Gg          , Gg          , Gg          , Gg          , Gg          , Gg          , Gg          , Gg          , Gg          , Gg          , Gg          , Gg          , Gg          , Gs^Fms      , Gg          , Gs^Fms      , Gg          , Gg          , Gg          , Gg          , Gg          , Gg          , Gg          , Hh          , Hh          , Hh          , Hh          , Hh          , Hh          
Hh^Fp       , Hh          , Hh          , Hh          , Hh          , Hh          , Hh          , Hh^Fms      , Hh          , Hh          , Hh          , Hh^Fms      , Hh^Fp       , Gg          , Gs^Fms      , Gs^Fms      , Gg          , Gg          , Gg          , Gg          , Ww          , Ww          , Gs^Fms      , Gs^Fds      , Ww          , Gg          , Gg          , Gg          , Gg          , Gg          , Gg          , Re          , Gg          , Gg          , Gg          , Gg          , Gg          , Gg          , Gg          , Gg          , Gg          , Gg          , Gg          , Gg          , Gg          , Gg          , Gg          , Gg          , Gg          , Gg          , Gg          , Gg          , Gg          , Gg          , Gg          , Gg          , Gg          , Gg          , Hh^Fms      , Hh          , Hh          , Hh          , Hh          , Hh          , Hh          
Hh          , Hh          , Hh^Fp       , Hh          , Hh          , Hh^Fp       , Hh^Fms      , Hh^Fp       , Hh^Fp       , Hh^Fp       , Hh^Fp       , Hh          , Gg          , Gg          , Gg          , Gg          , Gg          , Gg          , Gg          , Gg          , Ww          , Gs^Fds      , Gs^Fms      , Gs^Fms      , Ww          , Gg          , Gg          , Gg          , Gg          , Gg          , Gs^Fms      , Re          , Gg          , Gg          , Gg          , Gg          , Gs^Fds      , Gg          , Gg          , Gs^Fds      , Gs^Fms      , Gg          , Gg          , Gg          , Gg          , Gg          , Gg          , Gg          , Gg          , Gg          , Gg          , Gg          , Gg          , Gg          , Gg          , Gg          , Hh^Fp       , Hh^Fp       , Hh          , Hh          , Hh          , Hh^Fp       , Hh          , Hh          , Hh          
Hh          , Hh          , Hh          , Hh^Fp       , Hh          , Hh          , Hh          , Hh          , Hh          , Hh          , Hh^Fp       , Ce          , 4 Ke        , Gg          , Gg          , Gg          , Gg          , Gg          , Gs^Fms      , Gs^Fms      , Ww          , Gs^Fms      , Gs^Fms      , Gs^Fds      , Ww          , Ww          , Gg          , Gg          , Gs^Vh       , Gs^Fms      , Gg          , Re          , Gg          , Gg          , Gg          , Gg          , Gs^Fds      , Gg          , Gg          , Gs^Fms      , Gg          , Gg          , Gg          , Gg          , Gg          , Gg          , Gg          , Gg          , Gg          , Gg          , Gg          , Gg          , Gg          , Gg          , Gg          , Gg          , Hh          , Hh          , Hh^Fp       , Hh^Fp       , Hh          , Hh          , Hh          , Hh          , Hh          
Hh^Fp       , Hh          , Hh          , Hh^Fp       , Hh          , Hh          , Hh          , Hh^Fp       , Hh^Fp       , Hh^Fp       , Hh          , Ce          , Ce          , Gg          , Gg          , Gg          , Gg          , Gs^Fms      , Gg          , Gg          , Ww          , Ww          , Ww          , Ww          , Ww          , Ww          , Gg          , Gg          , Gg          , Gg          , Gg          , Re          , Gg          , Gg          , Gg          , Gs^Fds      , Gs^Fms      , Gg          , Gg          , Gs^Fms      , Gg          , Gg          , Gg          , Gg          , Gg          , Gg          , Gs^Fds      , Gg          , Gg          , Gg          , Gg          , Gg          , Gg          , Gg          , Gg          , Gg          , Gg          , Hh          , Gg          , Hh          , Ce          , Hh          , Hh          , Hh          , Hh          
Hh          , Hh          , Hh^Fp       , Hh          , Hh^Fp       , Hh          , Hh          , Hh^Fms      , Hh^Fp       , Hh^Fp       , Hh          , Hh          , Hh          , Gg          , Gg          , Gg          , Gg          , Gg          , Gg          , Gs^Fms      , Gs^Fms      , Ww          , Ww          , Gs^Fms      , Gs^Fms      , Gs^Fms      , Gg          , Gs^Fms      , Gs^Fms      , Gg          , Gg          , Re          , Gg          , Gg          , Gs^Fds      , Gs^Fds      , Gs^Fms      , Gs^Fms      , Gs^Fds      , Gg          , Gg          , Gg          , Gg          , Gg          , Gg          , Gg          , Gs^Fds      , Gg          , Ww          , Gg          , Gg          , Gs^Vh       , Gg          , Gg          , Gg          , Gg          , Gg          , Gg          , Gg          , Gg          , Ce          , Hh^Fp       , Hh          , Hh^Fms      , Hh^Fms      
Hh          , Hh          , Hh          , Hh^Fp       , Hh          , Hh^Fp       , Hh          , Hh^Fms      , Hh^Vhh      , Hh          , Hh^Fp       , Hh          , Hh^Fp       , Gg          , Gg          , Gg          , Gg          , Gg          , Gg          , Gs^Fms      , Gg          , Gg          , Gg          , Ww          , Ww          , Gg          , Gg          , Gs^Vh       , Gs^Fms      , Gg          , Gg          , Re          , Gg          , Gg          , Gg          , Gg          , Gs^Fds      , Gs^Fds      , Gs^Fms      , Gg          , Gs^Fds      , Gs^Fms      , Gg          , Gs^Fms      , Gg          , Gs^Fms      , Gs^Fms      , Gs^Fds      , Ww          , Ww          , Gg          , Gg          , Gg          , Gg          , Gg          , Gg          , Gg          , Gg          , Gg          , Ce          , 5 Ke        , Hh^Fp       , Hh          , Hh          , Hh^Fms      
Hh^Fp       , Hh          , Hh^Fp       , Hh^Fp       , Hh^Fp       , Hh          , Hh^Fp       , Hh          , Hh          , Hh          , Gg          , Hh^Fp       , Gg          , Gg          , Gs^Fms      , Gg          , Gg          , Gg          , Gg          , Gs^Fms      , Gg          , Gg          , Gg          , Gg          , Ww          , Ww          , Ww          , Gg          , Gg          , Gg          , Gg          , Re          , Gg          , Gg          , Gg          , Gg          , Gs^Fds      , Gs^Fms      , Gs^Fms      , Gg          , Gs^Fds      , Gs^Fms      , Gg          , Gg          , Gg          , Gg          , Gs^Fds      , Gs^Fms      , Ww          , Ww          , Ww          , Gg          , Gs^Vh       , Gg          , Gg          , Gg          , Gg          , Gg          , Gg          , Gg          , Hh          , Hh          , Hh^Fp       , Hh^Fms      , Hh          
Hh^Fp       , Hh          , Hh          , Hh^Fp       , Hh          , Hh          , Ww          , Ww          , Ww          , Hh^Fp       , Gs^Fms      , Gs^Vh       , Gs^Fms      , Gg          , Gs^Fms      , Gs^Fms      , Gs^Fms      , Gg          , Gg          , Gg          , Gg          , Gs^Vh       , Gg          , Gg          , Gg          , Ww          , Ww          , Ww          , Ww          , Gg          , Gg          , Re          , Gg          , Gg          , Gg          , Gs^Fms      , Gs^Fds      , Gs^Fds      , Gs^Fds      , Gs^Fms      , Gg          , Gs^Fms      , Gs^Fms      , Gg          , Gs^Fds      , Gs^Fds      , Gs^Fms      , Gs^Fms      , Gg          , Ww          , Gg          , Gg          , Gg          , Gg          , Hh^Fp       , Hh          , Hh          , Gg          , Hh          , Hh          , Hh^Fp       , Hh^Fp       , Hh^Fp       , Hh^Fms      , Hh          
Hh          , Hh^Fp       , Hh^Fp       , Hh^Fp       , Hh^Fp       , Ww          , Ww          , Ww          , Ww          , Hh          , Gg          , Gg          , Gs^Fms      , Gg          , Gg          , Gg          , Gs^Fms      , Gg          , Gg          , Gg          , Gg          , Gg          , Gg          , Gg          , Gs^Fms      , Gg          , Gg          , Gg          , Ww          , Gg          , Gg          , Re          , Re          , Gg          , Gg          , Gg          , Gg          , Gg          , Gg          , Gg          , Gg          , Gg          , Gg          , Gs^Fms      , Gs^Fms      , Gs^Fms      , Gs^Fms      , Gg          , Gs^Fms      , Gs^Fds      , Gs^Fds      , Gs^Fds      , Gg          , Gg          , Hh^Fp       , Hh^Fp       , Hh          , Hh          , Md          , Hh          , Md          , Hh          , Hh          , Hh          , Hh          
Hh          , Hh          , Hh          , Hh          , Hh          , Hh          , Hh          , Hh          , Hh          , Hh          , Gs^Fms      , Gs^Fms      , Gs^Fms      , Gs^Fms      , Gs^Fms      , Gg          , Gg          , Gs^Fms      , Gs^Fms      , Gg          , Gg          , Gg          , Gg          , Gs^Fms      , Gs^Fms      , Gs^Fms      , Gs^Fms      , Gs^Fms      , Gg          , Ww          , Gg          , Gg          , Gg          , Re          , Gg          , Gg          , Gg          , Gg          , Gg          , Gg          , Gg          , Gg          , Gg          , Gg          , Gg          , Gs^Fms      , Gg          , Gs^Fms      , Gg          , Gg          , Gg          , Gg          , Gg          , Gg          , Gg          , Hh          , Md          , Md          , Md          , Md          , Md          , Md          , Hh          , Hh          , Gg          
